Component: ARM Compiler 5.06 update 7 (build 960) Tool: armlink [4d3601]

==============================================================================

Section Cross References

    main.o(i.main) refers to misc.o(i.NVIC_PriorityGroupConfig) for NVIC_PriorityGroupConfig
    main.o(i.main) refers to stm32f10x_rcc.o(i.RCC_AHBPeriphClockCmd) for RCC_AHBPeriphClockCmd
    main.o(i.main) refers to debug.o(i.DEBUG_Init) for DEBUG_Init
    main.o(i.main) refers to delay.o(i.DELAY_Init) for DELAY_Init
    main.o(i.main) refers to printfa.o(i.__0printf) for __2printf
    main.o(i.main) refers to oled.o(i.OLED_Init) for OLED_Init
    main.o(i.main) refers to oled.o(i.OLED_ClearDispaly) for OLED_ClearDispaly
    main.o(i.main) refers to oled.o(i.OLED_Refresh) for OLED_Refresh
    main.o(i.main) refers to tasks.o(i.xTaskCreate) for xTaskCreate
    main.o(i.main) refers to tasks.o(i.vTaskStartScheduler) for vTaskStartScheduler
    main.o(i.main) refers to task_dht11.o(i.task_dht11) for task_dht11
    main.o(i.main) refers to task_wifi.o(i.task_wifi) for task_wifi
    main.o(i.main) refers to task_ui.o(i.task_ui) for task_ui
    main.o(i.main) refers to task_led.o(i.task_led) for task_led
    main.o(.constdata) refers to gui_charp.o(i.GUIPROP_DispChar) for GUIPROP_DispChar
    main.o(.constdata) refers to gui_charp.o(i.GUIPROP_GetCharDistX) for GUIPROP_GetCharDistX
    main.o(.constdata) refers to gui_charp.o(i.GUIPROP_GetFontInfo) for GUIPROP_GetFontInfo
    main.o(.constdata) refers to gui_charp.o(i.GUIPROP_IsInFont) for GUIPROP_IsInFont
    task_dht11.o(i.task_dht11) refers to dht11.o(i.DHT11_Init) for DHT11_Init
    task_dht11.o(i.task_dht11) refers to printfa.o(i.__0printf) for __2printf
    task_dht11.o(i.task_dht11) refers to queue.o(i.xQueueGenericCreate) for xQueueGenericCreate
    task_dht11.o(i.task_dht11) refers to queue.o(i.xQueueCreateMutex) for xQueueCreateMutex
    task_dht11.o(i.task_dht11) refers to dht11.o(i.DHT11_ReadData) for DHT11_ReadData
    task_dht11.o(i.task_dht11) refers to d2f.o(.text) for __aeabi_d2f
    task_dht11.o(i.task_dht11) refers to f2d.o(.text) for __aeabi_f2d
    task_dht11.o(i.task_dht11) refers to queue.o(i.xQueueSemaphoreTake) for xQueueSemaphoreTake
    task_dht11.o(i.task_dht11) refers to queue.o(i.xQueueGenericSend) for xQueueGenericSend
    task_dht11.o(i.task_dht11) refers to tasks.o(i.vTaskDelay) for vTaskDelay
    task_dht11.o(i.task_dht11) refers to task_dht11.o(.bss) for sgDHT11
    task_dht11.o(i.task_dht11) refers to task_dht11.o(.data) for gDHT112EmWin_Queue
    task_ui.o(i.task_ui) refers to oled.o(i.OLED_Init) for OLED_Init
    task_ui.o(i.task_ui) refers to gui_core.o(i.GUI_Init) for GUI_Init
    task_ui.o(i.task_ui) refers to queue.o(i.xQueueSemaphoreTake) for xQueueSemaphoreTake
    task_ui.o(i.task_ui) refers to queue.o(i.uxQueueMessagesWaiting) for uxQueueMessagesWaiting
    task_ui.o(i.task_ui) refers to queue.o(i.xQueueGenericSend) for xQueueGenericSend
    task_ui.o(i.task_ui) refers to tasks.o(i.vTaskDelay) for vTaskDelay
    task_ui.o(i.task_ui) refers to queue.o(i.xQueueReceive) for xQueueReceive
    task_ui.o(i.task_ui) refers to gui_core.o(i.GUI_Clear) for GUI_Clear
    task_ui.o(i.task_ui) refers to memseta.o(.text) for __aeabi_memclr
    task_ui.o(i.task_ui) refers to f2d.o(.text) for __aeabi_f2d
    task_ui.o(i.task_ui) refers to printfa.o(i.__0sprintf) for __2sprintf
    task_ui.o(i.task_ui) refers to gui_dispstringat.o(i.GUI_DispStringAt) for GUI_DispStringAt
    task_ui.o(i.task_ui) refers to gui_time.o(i.GUI_Delay) for GUI_Delay
    task_ui.o(i.task_ui) refers to oled.o(i.OLED_Refresh) for OLED_Refresh
    task_ui.o(i.task_ui) refers to task_dht11.o(.data) for gDHT112EmWin_Queue_Mutex
    task_ui.o(i.task_ui) refers to task_ui.o(.bss) for u8EmwinDisplayBuffer
    task_wifi.o(i.USART2_IRQHandler) refers to stm32f10x_usart.o(i.USART_GetITStatus) for USART_GetITStatus
    task_wifi.o(i.USART2_IRQHandler) refers to stm32f10x_usart.o(i.USART_ReceiveData) for USART_ReceiveData
    task_wifi.o(i.USART2_IRQHandler) refers to task_wifi.o(.bss) for gOneNet
    task_wifi.o(i.task_wifi) refers to onenet.o(i.OneNetInit) for OneNetInit
    task_wifi.o(i.task_wifi) refers to printfa.o(i.__0printf) for __2printf
    task_wifi.o(i.task_wifi) refers to queue.o(i.xQueueSemaphoreTake) for xQueueSemaphoreTake
    task_wifi.o(i.task_wifi) refers to queue.o(i.uxQueueMessagesWaiting) for uxQueueMessagesWaiting
    task_wifi.o(i.task_wifi) refers to queue.o(i.xQueueGenericSend) for xQueueGenericSend
    task_wifi.o(i.task_wifi) refers to tasks.o(i.vTaskDelay) for vTaskDelay
    task_wifi.o(i.task_wifi) refers to queue.o(i.xQueueReceive) for xQueueReceive
    task_wifi.o(i.task_wifi) refers to memseta.o(.text) for __aeabi_memclr4
    task_wifi.o(i.task_wifi) refers to fadd.o(.text) for __aeabi_fadd
    task_wifi.o(i.task_wifi) refers to f2d.o(.text) for __aeabi_f2d
    task_wifi.o(i.task_wifi) refers to printfa.o(i.__0sprintf) for __2sprintf
[...]
    vTaskPlaceOnEventList                    0x08009fdd   Thumb Code    28  tasks.o(i.vTaskPlaceOnEventList)
    vTaskPriorityDisinheritAfterTimeout      0x08009ffd   Thumb Code   204  tasks.o(i.vTaskPriorityDisinheritAfterTimeout)
    vTaskStartScheduler                      0x0800a0d1   Thumb Code    76  tasks.o(i.vTaskStartScheduler)
    vTaskSuspendAll                          0x0800a13d   Thumb Code    12  tasks.o(i.vTaskSuspendAll)
    vTaskSwitchContext                       0x0800a14d   Thumb Code    76  tasks.o(i.vTaskSwitchContext)
    xPortStartScheduler                      0x0800a1ad   Thumb Code    42  port.o(i.xPortStartScheduler)
    xQueueCreateMutex                        0x0800a1e1   Thumb Code    34  queue.o(i.xQueueCreateMutex)
    xQueueGenericCreate                      0x0800a203   Thumb Code    76  queue.o(i.xQueueGenericCreate)
    xQueueGenericReset                       0x0800a251   Thumb Code   156  queue.o(i.xQueueGenericReset)
    xQueueGenericSend                        0x0800a2f1   Thumb Code   322  queue.o(i.xQueueGenericSend)
    xQueueReceive                            0x0800a439   Thumb Code   256  queue.o(i.xQueueReceive)
    xQueueSemaphoreTake                      0x0800a53d   Thumb Code   300  queue.o(i.xQueueSemaphoreTake)
    xTaskCheckForTimeOut                     0x0800a66d   Thumb Code    88  tasks.o(i.xTaskCheckForTimeOut)
    xTaskCreate                              0x0800a6cd   Thumb Code    96  tasks.o(i.xTaskCreate)
    xTaskGetCurrentTaskHandle                0x0800a72d   Thumb Code     6  tasks.o(i.xTaskGetCurrentTaskHandle)
    xTaskGetTickCount                        0x0800a739   Thumb Code     6  tasks.o(i.xTaskGetTickCount)
    xTaskIncrementTick                       0x0800a745   Thumb Code   356  tasks.o(i.xTaskIncrementTick)
    xTaskPriorityDisinherit                  0x0800a8d5   Thumb Code   162  tasks.o(i.xTaskPriorityDisinherit)
    xTaskPriorityInherit                     0x0800a981   Thumb Code   224  tasks.o(i.xTaskPriorityInherit)
    xTaskRemoveFromEventList                 0x0800aa6d   Thumb Code   240  tasks.o(i.xTaskRemoveFromEventList)
    xTaskResumeAll                           0x0800ab75   Thumb Code   310  tasks.o(i.xTaskResumeAll)
    GUIDRV_Template_API                      0x0800acd0   Data          52  guidrv_template.o(.constdata)
    LCD_API_ColorConv_1                      0x0800ad14   Data          24  guicc_1.o(.constdata)
    GUI_Font6x8                              0x0800b420   Data          36  f6x8.o(.constdata)
    GUI_UC_None                              0x0800b444   Data          16  gui_uc_encodenone.o(.constdata)
    LCD_API_ColorConv_0                      0x0800b460   Data          24  guicc_0.o(.constdata)
    LCD_API_ColorConv_8888                   0x0800b478   Data          24  guicc_8888.o(.constdata)
    GUI_MEMDEV_DEVICE_32                     0x0800b4d0   Data          52  guidev_32.o(.constdata)
    LCD_aMirror                              0x0800b524   Data         256  lcd_mirror.o(.constdata)
    Region$$Table$$Base                      0x0800b738   Number         0  anon$$obj.o(Region$$Table)
    Region$$Table$$Limit                     0x0800b758   Number         0  anon$$obj.o(Region$$Table)
    gDHT112EmWin_Queue                       0x20000000   Data           4  task_dht11.o(.data)
    gDHT112EmWin_Queue_Mutex                 0x20000004   Data           4  task_dht11.o(.data)
    gDHT112WIFI_Queue                        0x20000008   Data           4  task_dht11.o(.data)
    gDHT112WIFI_Queue_Mutex                  0x2000000c   Data           4  task_dht11.o(.data)
    __stdout                                 0x20000010   Data           4  debug.o(.data)
    ESP8266_AtCommand                        0x20000014   Data         156  esp8266.o(.data)
    pxCurrentTCB                             0x200000e4   Data           4  tasks.o(.data)
    uxTopUsedPriority                        0x20000118   Data           4  tasks.o(.data)
    GUI_DecChar                              0x20000134   Data           1  gui_core.o(.data)
    GUI_pfGetpPalConvTable                   0x20000138   Data           4  gui_core.o(.data)
    GUI__pFontDefault                        0x2000013c   Data           4  gui_core.o(.data)
    GUI_pContext                             0x20000140   Data           4  gui_core.o(.data)
    GUI_pUC_API                              0x20000144   Data           4  gui_core.o(.data)
    GUI__apDevice                            0x20000158   Data           8  gui_core.o(.data)
    GUI_pfTimerExec                          0x20000160   Data           4  gui_core.o(.data)
    WM_pfHandlePID                           0x20000164   Data           4  gui_core.o(.data)
    GUI_pfDispCharStyle                      0x20000168   Data           4  gui_core.o(.data)
    GUI_pLCD_APIList                         0x2000016c   Data           4  gui_core.o(.data)
    GUI_OrgX                                 0x20000170   Data           2  gui_core.o(.data)
    GUI_OrgY                                 0x20000172   Data           2  gui_core.o(.data)
    GUITASK__EntranceCnt                     0x20000180   Data           4  gui_task.o(.data)
    LCD__pSetColorAPI                        0x20000190   Data           4  lcd.o(.data)
    LCD__aConvTable                          0x20000198   Data           4  lcd_color.o(.data)
    WM__PaintCallbackCnt                     0x200001a4   Data           1  wm.o(.data)
    WM__NumWindows                           0x200001a6   Data           2  wm.o(.data)
    WM__NumInvalidWindows                    0x200001a8   Data           2  wm.o(.data)
    WM__TouchedLayer                         0x200001ac   Data           4  wm.o(.data)
    WM__FirstWin                             0x200001b0   Data           4  wm.o(.data)
    WM__pFirstCriticalHandle                 0x200001b4   Data           4  wm.o(.data)
    WM__CreateFlags                          0x200001b8   Data           4  wm.o(.data)
    WM_pfPollPID                             0x200001bc   Data           4  wm.o(.data)
    WM_MULTIBUF__pAPI                        0x200001c0   Data           4  wm.o(.data)
    WM__TransWindowCnt                       0x200001c4   Data           4  wm.o(.data)
    WM__hATransWindow                        0x200001c8   Data           4  wm.o(.data)
    WM__ahDesktopWin                         0x200001dc   Data           8  wm.o(.data)
    WM__aBkColor                             0x200001e4   Data           8  wm.o(.data)
    WM__ahCapture                            0x200001ec   Data           8  wm.o(.data)
    WM__ahWinFocus                           0x200001f4   Data           8  wm.o(.data)
    GUI_CharLine_pfLog2Vis                   0x20000204   Data           4  gui_charline.o(.data)
    GUI__pfMixColors                         0x2000022c   Data           4  gui__alpha.o(.data)
    GUI__pfMixColorsBulk                     0x20000230   Data           4  gui__alpha.o(.data)
    GUI_ALLOC__Context                       0x200047d0   Data         188  gui_alloc.o(.bss)
    WM__aCHWinModal                          0x20004998   Data          16  wm_touch.o(.bss)
    WM__aCHWinLast                           0x200049a8   Data          16  wm_touch.o(.bss)
    WM__aCHWinMouseOver                      0x200049b8   Data          16  wm_touch.o(.bss)
    __initial_sp                             0x20004dc8   Data           0  startup_stm32f10x_hd.o(STACK)



==============================================================================

Memory Map of the image

  Image Entry point : 0x08000131

  Load Region LR_IROM1 (Base: 0x08000000, Size: 0x0000b9e4, Max: 0x00040000, ABSOLUTE, COMPRESSED[0x0000b7e8])

    Execution Region ER_IROM1 (Exec base: 0x08000000, Load base: 0x08000000, Size: 0x0000b758, Max: 0x00040000, ABSOLUTE)

    Exec Addr    Load Addr    Size         Type   Attr      Idx    E Section Name        Object

    0x08000000   0x08000000   0x00000130   Data   RO         2535    RESET               startup_stm32f10x_hd.o
    0x08000130   0x08000130   0x00000000   Code   RO         4973  * .ARM.Collect$$$$00000000  mc_w.l(entry.o)
    0x08000130   0x08000130   0x00000004   Code   RO         5259    .ARM.Collect$$$$00000001  mc_w.l(entry2.o)
    0x08000134   0x08000134   0x00000004   Code   RO         5262    .ARM.Collect$$$$00000004  mc_w.l(entry5.o)
    0x08000138   0x08000138   0x00000000   Code   RO         5264    .ARM.Collect$$$$00000008  mc_w.l(entry7b.o)
    0x08000138   0x08000138   0x00000000   Code   RO         5266    .ARM.Collect$$$$0000000A  mc_w.l(entry8b.o)
    0x08000138   0x08000138   0x00000008   Code   RO         5267    .ARM.Collect$$$$0000000B  mc_w.l(entry9a.o)
    0x08000140   0x08000140   0x00000004   Code   RO         5274    .ARM.Collect$$$$0000000E  mc_w.l(entry12b.o)
    0x08000144   0x08000144   0x00000000   Code   RO         5269    .ARM.Collect$$$$0000000F  mc_w.l(entry10a.o)
    0x08000144   0x08000144   0x00000000   Code   RO         5271    .ARM.Collect$$$$00000011  mc_w.l(entry11a.o)
    0x08000144   0x08000144   0x00000004   Code   RO         5260    .ARM.Collect$$$$00002712  mc_w.l(entry2.o)
    0x08000148   0x08000148   0x00000096   Code   RO         3361    .emb_text           port.o
    0x080001de   0x080001de   0x00000002   PAD
    0x080001e0   0x080001e0   0x0000001c   Code   RO         2536    .text               startup_stm32f10x_hd.o
    0x080001fc   0x080001fc   0x00000040   Code   RO         4978    .text               mc_w.l(memmovea.o)
    0x0800023c   0x0800023c   0x00000024   Code   RO         4980    .text               mc_w.l(memseta.o)
    0x08000260   0x08000260   0x00000024   Code   RO         4982    .text               mc_w.l(strstr.o)
    0x08000284   0x08000284   0x0000000e   Code   RO         4984    .text               mc_w.l(strlen.o)
    0x08000292   0x08000292   0x000000b0   Code   RO         5251    .text               mf_w.l(fadd.o)
    0x08000342   0x08000342   0x0000001a   Code   RO         5253    .text               mf_w.l(dfltui.o)
    0x0800035c   0x0800035c   0x00000026   Code   RO         5255    .text               mf_w.l(f2d.o)
    0x08000382   0x08000382   0x00000038   Code   RO         5257    .text               mf_w.l(d2f.o)
    0x080003ba   0x080003ba   0x0000002c   Code   RO         5275    .text               mc_w.l(uidiv.o)
    0x080003e6   0x080003e6   0x00000062   Code   RO         5277    .text               mc_w.l(uldiv.o)
    0x08000448   0x08000448   0x00000000   Code   RO         5279    .text               mc_w.l(iusefp.o)
    0x08000448   0x08000448   0x0000006e   Code   RO         5280    .text               mf_w.l(fepilogue.o)
    0x080004b6   0x080004b6   0x000000ba   Code   RO         5282    .text               mf_w.l(depilogue.o)
    0x08000570   0x08000570   0x0000014e   Code   RO         5284    .text               mf_w.l(dadd.o)
    0x080006be   0x080006be   0x000000e4   Code   RO         5286    .text               mf_w.l(dmul.o)
    0x080007a2   0x080007a2   0x000000de   Code   RO         5288    .text               mf_w.l(ddiv.o)
    0x08000880   0x08000880   0x00000030   Code   RO         5290    .text               mf_w.l(dfixul.o)
    0x080008b0   0x080008b0   0x00000030   Code   RO         5292    .text               mf_w.l(cdrcmple.o)
    0x080008e0   0x080008e0   0x00000024   Code   RO         5294    .text               mc_w.l(init.o)
    0x08000904   0x08000904   0x0000001e   Code   RO         5296    .text               mc_w.l(llshl.o)
    0x08000922   0x08000922   0x00000020   Code   RO         5298    .text               mc_w.l(llushr.o)
    0x08000942   0x08000942   0x00000024   Code   RO         5300    .text               mc_w.l(llsshr.o)
    0x08000966   0x08000966   0x00000056   Code   RO         5310    .text               mc_w.l(__dczerorl2.o)
    0x080009bc   0x080009bc   0x00000004   Code   RO          569    i.BusFault_Handler  stm32f10x_it.o
    0x080009c0   0x080009c0   0x00000084   Code   RO          358    i.DEBUG_Init        debug.o
    0x08000a44   0x08000a44   0x00000010   Code   RO          389    i.DELAY_Init        delay.o
    0x08000a54   0x08000a54   0x00000060   Code   RO          427    i.DHT11_Check       dht11.o
    0x08000ab4   0x08000ab4   0x00000104   Code   RO          428    i.DHT11_Init        dht11.o
    0x08000bb8   0x08000bb8   0x0000005a   Code   RO          429    i.DHT11_ReadBit     dht11.o
    0x08000c12   0x08000c12   0x00000022   Code   RO          430    i.DHT11_ReadByte    dht11.o
    0x08000c34   0x08000c34   0x00000076   Code   RO          431    i.DHT11_ReadData    dht11.o
    0x08000caa   0x08000caa   0x0000006c   Code   RO          432    i.DHT11_Rst         dht11.o
    0x08000d16   0x08000d16   0x00000002   Code   RO          570    i.DebugMon_Handler  stm32f10x_it.o
    0x08000d18   0x08000d18   0x000002cc   Code   RO          465    i.ESP8266_ConnectWiFi  esp8266.o
    0x08000fe4   0x08000fe4   0x00000048   Code   RO          466    i.ESP8266_FindString  esp8266.o
    0x0800102c   0x0800102c   0x00000038   Code   RO          467    i.ESP8266_Init      esp8266.o
    0x08001064   0x08001064   0x00000012   Code   RO          468    i.ESP8266_PrintReceiveData  esp8266.o
    0x08001076   0x08001076   0x00000002   PAD
    0x08001078   0x08001078   0x0000005c   Code   RO          469    i.ESP8266_ReceiveByte  esp8266.o
    0x080010d4   0x080010d4   0x00000022   Code   RO          470    i.ESP8266_RstParameter  esp8266.o
    0x080010f6   0x080010f6   0x00000002   PAD
    0x080010f8   0x080010f8   0x000002b4   Code   RO          471    i.ESP8266_SendAtCommand  esp8266.o
    0x080013ac   0x080013ac   0x00000024   Code   RO          472    i.ESP8266_SendByte  esp8266.o
    0x080013d0   0x080013d0   0x00000032   Code   RO          473    i.ESP8266_SendData  esp8266.o
    0x08001402   0x08001402   0x00000022   Code   RO          474    i.ESP8266_SendDataToServer  esp8266.o
    0x08001424   0x08001424   0x00000040   Code   RO         4319    i.GL_SetDefault     STemWin522_CM3_OS_Keil.lib(gui_setdefault.o)
    0x08001464   0x08001464   0x00000116   Code   RO         1350    i.GPIO_Init         stm32f10x_gpio.o
    0x0800157a   0x0800157a   0x00000012   Code   RO         1354    i.GPIO_ReadInputDataBit  stm32f10x_gpio.o
    0x0800158c   0x0800158c   0x00000004   Code   RO         1357    i.GPIO_ResetBits    stm32f10x_gpio.o
    0x08001590   0x08001590   0x00000004   Code   RO         1358    i.GPIO_SetBits      stm32f10x_gpio.o
    0x08001594   0x08001594   0x00000134   Code   RO         4004    i.GUIMONO_DispChar  STemWin522_CM3_OS_Keil.lib(gui_charm.o)
    0x080016c8   0x080016c8   0x00000018   Code   RO         4005    i.GUIMONO_GetCharDistX  STemWin522_CM3_OS_Keil.lib(gui_charm.o)
    0x080016e0   0x080016e0   0x00000006   Code   RO         4006    i.GUIMONO_GetFontInfo  STemWin522_CM3_OS_Keil.lib(gui_charm.o)
    0x080016e6   0x080016e6   0x00000038   Code   RO         4007    i.GUIMONO_IsInFont  STemWin522_CM3_OS_Keil.lib(gui_charm.o)
    0x0800171e   0x0800171e   0x00000002   PAD
    0x08001720   0x08001720   0x00000048   Code   RO         4042    i.GUITASK_CopyContext  STemWin522_CM3_OS_Keil.lib(gui_task.o)
    0x08001768   0x08001768   0x0000003c   Code   RO         4044    i.GUITASK_Init      STemWin522_CM3_OS_Keil.lib(gui_task.o)
    0x080017a4   0x080017a4   0x0000001e   Code   RO         3725    i.GUI_ALLOC_AllocNoInit  STemWin522_CM3_OS_Keil.lib(gui_alloc.o)
    0x080017c2   0x080017c2   0x0000002e   Code   RO         4245    i.GUI_ALLOC_AllocZero  STemWin522_CM3_OS_Keil.lib(gui_alloc_alloczero.o)
    0x080017f0   0x080017f0   0x00000010   Code   RO         3726    i.GUI_ALLOC_AssignMemory  STemWin522_CM3_OS_Keil.lib(gui_alloc.o)
    0x08001800   0x08001800   0x0000003c   Code   RO         3727    i.GUI_ALLOC_Free    STemWin522_CM3_OS_Keil.lib(gui_alloc.o)
    0x0800183c   0x0800183c   0x00000018   Code   RO         3728    i.GUI_ALLOC_FreeFixedBlock  STemWin522_CM3_OS_Keil.lib(gui_alloc.o)
    0x08001854   0x08001854   0x000000a8   Code   RO         3731    i.GUI_ALLOC_GetFixedBlock  STemWin522_CM3_OS_Keil.lib(gui_alloc.o)
    0x080018fc   0x080018fc   0x00000040   Code   RO         3732    i.GUI_ALLOC_GetMaxSize  STemWin522_CM3_OS_Keil.lib(gui_alloc.o)
    0x0800193c   0x0800193c   0x00000010   Code   RO         3738    i.GUI_ALLOC_Lock    STemWin522_CM3_OS_Keil.lib(gui_alloc.o)
    0x0800194c   0x0800194c   0x0000001c   Code   RO         3739    i.GUI_ALLOC_LockH   STemWin522_CM3_OS_Keil.lib(gui_alloc.o)
    0x08001968   0x08001968   0x00000034   Code   RO         3740    i.GUI_ALLOC_RequestSize  STemWin522_CM3_OS_Keil.lib(gui_alloc.o)
    0x0800199c   0x0800199c   0x00000010   Code   RO         3743    i.GUI_ALLOC_Unlock  STemWin522_CM3_OS_Keil.lib(gui_alloc.o)
    0x080019ac   0x080019ac   0x00000030   Code   RO         3744    i.GUI_ALLOC_UnlockH  STemWin522_CM3_OS_Keil.lib(gui_alloc.o)
    0x080019dc   0x080019dc   0x00000018   Code   RO         3745    i.GUI_ALLOC_h2p     STemWin522_CM3_OS_Keil.lib(gui_alloc.o)
    0x080019f4   0x080019f4   0x00000044   Code   RO         4489    i.GUI_CalcColorDist  STemWin522_CM3_OS_Keil.lib(gui_calccolordist.o)
    0x08001a38   0x08001a38   0x0000001c   Code   RO         3805    i.GUI_Clear         STemWin522_CM3_OS_Keil.lib(gui_core.o)
    0x08001a54   0x08001a54   0x00000068   Code   RO         3806    i.GUI_ClearRect     STemWin522_CM3_OS_Keil.lib(gui_core.o)
    0x08001abc   0x08001abc   0x00000050   Code   RO         3834    i.GUI_DEVICE_Create  STemWin522_CM3_OS_Keil.lib(gui_device.o)
    0x08001b0c   0x08001b0c   0x00000028   Code   RO         3835    i.GUI_DEVICE_CreateAndLink  STemWin522_CM3_OS_Keil.lib(gui_device.o)
    0x08001b34   0x08001b34   0x00000004   Code   RO         3836    i.GUI_DEVICE_Delete  STemWin522_CM3_OS_Keil.lib(gui_device.o)
    0x08001b38   0x08001b38   0x00000080   Code   RO         3837    i.GUI_DEVICE_Link   STemWin522_CM3_OS_Keil.lib(gui_device.o)
    0x08001bb8   0x08001bb8   0x00000012   Code   RO         3838    i.GUI_DEVICE_LinkDevices  STemWin522_CM3_OS_Keil.lib(gui_device.o)
    0x08001bca   0x08001bca   0x00000004   Code   RO         3839    i.GUI_DEVICE_Unlink  STemWin522_CM3_OS_Keil.lib(gui_device.o)
    0x08001bce   0x08001bce   0x00000002   PAD
    0x08001bd0   0x08001bd0   0x00000044   Code   RO         3840    i.GUI_DEVICE_UnlinkTaskDevices  STemWin522_CM3_OS_Keil.lib(gui_device.o)
    0x08001c14   0x08001c14   0x00000024   Code   RO         3842    i.GUI_DEVICE__GetpDriver  STemWin522_CM3_OS_Keil.lib(gui_device.o)
    0x08001c38   0x08001c38   0x00000068   Code   RO         3857    i.GUI_Delay         STemWin522_CM3_OS_Keil.lib(gui_time.o)
    0x08001ca0   0x08001ca0   0x00000108   Code   RO         4012    i.GUI_DispString    STemWin522_CM3_OS_Keil.lib(gui_dispstring.o)
    0x08001da8   0x08001da8   0x00000028   Code   RO         3855    i.GUI_DispStringAt  STemWin522_CM3_OS_Keil.lib(gui_dispstringat.o)
    0x08001dd0   0x08001dd0   0x00000014   Code   RO         4014    i.GUI_Exec          STemWin522_CM3_OS_Keil.lib(gui_exec.o)
    0x08001de4   0x08001de4   0x00000020   Code   RO         4015    i.GUI_Exec1         STemWin522_CM3_OS_Keil.lib(gui_exec.o)
    0x08001e04   0x08001e04   0x00000014   Code   RO         3868    i.GUI_GetBitsPerPixelEx  STemWin522_CM3_OS_Keil.lib(lcd_getex.o)
    0x08001e18   0x08001e18   0x00000024   Code   RO         4249    i.GUI_GetCharDistX  STemWin522_CM3_OS_Keil.lib(gui_char.o)
    0x08001e3c   0x08001e3c   0x00000028   Code   RO         4250    i.GUI_GetCharDistXEx  STemWin522_CM3_OS_Keil.lib(gui_char.o)
    0x08001e64   0x08001e64   0x0000001c   Code   RO         4251    i.GUI_GetFontDistY  STemWin522_CM3_OS_Keil.lib(gui_char.o)
    0x08001e80   0x08001e80   0x0000001a   Code   RO         4525    i.GUI_GetOrg        STemWin522_CM3_OS_Keil.lib(gui_getorg.o)
    0x08001e9a   0x08001e9a   0x00000002   PAD
    0x08001e9c   0x08001e9c   0x0000003c   Code   RO         4252    i.GUI_GetYAdjust    STemWin522_CM3_OS_Keil.lib(gui_char.o)
    0x08001ed8   0x08001ed8   0x00000010   Code   RO         3869    i.GUI_GetpfColor2IndexEx  STemWin522_CM3_OS_Keil.lib(lcd_getex.o)
    0x08001ee8   0x08001ee8   0x00000010   Code   RO         3870    i.GUI_GetpfIndex2ColorEx  STemWin522_CM3_OS_Keil.lib(lcd_getex.o)
    0x08001ef8   0x08001ef8   0x00000022   Code   RO         4027    i.GUI_GotoXY        STemWin522_CM3_OS_Keil.lib(gui_goto.o)
    0x08001f1a   0x08001f1a   0x00000002   PAD
    0x08001f1c   0x08001f1c   0x0000006c   Code   RO         3808    i.GUI_Init          STemWin522_CM3_OS_Keil.lib(gui_core.o)
    0x08001f88   0x08001f88   0x00000088   Code   RO         4046    i.GUI_Lock          STemWin522_CM3_OS_Keil.lib(gui_task.o)
    0x08002010   0x08002010   0x00000044   Code   RO         4718    i.GUI_MEMDEV_Clear  STemWin522_CM3_OS_Keil.lib(guidev_clear.o)
    0x08002054   0x08002054   0x0000000c   Code   RO         4369    i.GUI_MEMDEV_CopyToLCD  STemWin522_CM3_OS_Keil.lib(guidev.o)
    0x08002060   0x08002060   0x000000a8   Code   RO         4370    i.GUI_MEMDEV_CopyToLCDAt  STemWin522_CM3_OS_Keil.lib(guidev.o)
    0x08002108   0x08002108   0x00000080   Code   RO         4372    i.GUI_MEMDEV_CreateEx  STemWin522_CM3_OS_Keil.lib(guidev.o)
    0x08002188   0x08002188   0x00000048   Code   RO         4373    i.GUI_MEMDEV_Delete  STemWin522_CM3_OS_Keil.lib(guidev.o)
    0x080021d0   0x080021d0   0x00000124   Code   RO         4389    i.GUI_MEMDEV_Draw   STemWin522_CM3_OS_Keil.lib(guidev_banding.o)
    0x080022f4   0x080022f4   0x00000032   Code   RO         4374    i.GUI_MEMDEV_GetBitsPerPixel  STemWin522_CM3_OS_Keil.lib(guidev.o)
    0x08002326   0x08002326   0x00000022   Code   RO         4722    i.GUI_MEMDEV_GetDataPtr  STemWin522_CM3_OS_Keil.lib(guidev_getdataptr.o)
    0x08002348   0x08002348   0x00000034   Code   RO         4730    i.GUI_MEMDEV_GetYSize  STemWin522_CM3_OS_Keil.lib(guidev_getysize.o)
    0x0800237c   0x0800237c   0x00000014   Code   RO         4400    i.GUI_MEMDEV_Paint1Static  STemWin522_CM3_OS_Keil.lib(guidev_staticdevices.o)
    0x08002390   0x08002390   0x00000038   Code   RO         4732    i.GUI_MEMDEV_ReduceYSize  STemWin522_CM3_OS_Keil.lib(guidev_reduceysize.o)
    0x080023c8   0x080023c8   0x0000005c   Code   RO         4376    i.GUI_MEMDEV_Select  STemWin522_CM3_OS_Keil.lib(guidev.o)
    0x08002424   0x08002424   0x00000064   Code   RO         4734    i.GUI_MEMDEV_SetOrg  STemWin522_CM3_OS_Keil.lib(guidev_setorg.o)
    0x08002488   0x08002488   0x0000000c   Code   RO         4755    i.GUI_MEMDEV_Write  STemWin522_CM3_OS_Keil.lib(guidev_write.o)
    0x08002494   0x08002494   0x00000068   Code   RO         4756    i.GUI_MEMDEV_WriteAt  STemWin522_CM3_OS_Keil.lib(guidev_write.o)
    0x080024fc   0x080024fc   0x000000ec   Code   RO         4377    i.GUI_MEMDEV__CreateFixed  STemWin522_CM3_OS_Keil.lib(guidev.o)
    0x080025e8   0x080025e8   0x00000118   Code   RO         4940    i.GUI_MEMDEV__WriteToActiveAlpha  STemWin522_CM3_OS_Keil.lib(guidev_writetoactivealpha.o)
    0x08002700   0x08002700   0x00000030   Code   RO         4378    i.GUI_MEMDEV__WriteToActiveAt  STemWin522_CM3_OS_Keil.lib(guidev.o)
    0x08002730   0x08002730   0x0000003c   Code   RO         4759    i.GUI_MEMDEV__WriteToActiveOpaque  STemWin522_CM3_OS_Keil.lib(guidev_writetoactiveopaque.o)
    0x0800276c   0x0800276c   0x00000058   Code   RO         4272    i.GUI_MergeRect     STemWin522_CM3_OS_Keil.lib(gui_mergerect.o)
    0x080027c4   0x080027c4   0x0000001e   Code   RO         4274    i.GUI_MoveRect      STemWin522_CM3_OS_Keil.lib(gui_moverect.o)
    0x080027e2   0x080027e2   0x00000002   PAD
    0x080027e4   0x080027e4   0x00000034   Code   RO         4279    i.GUI_PollKeyMsg    STemWin522_CM3_OS_Keil.lib(gui_onkey.o)
    0x08002818   0x08002818   0x00000060   Code   RO         4929    i.GUI_ReadRectEx    STemWin522_CM3_OS_Keil.lib(lcd_readrect.o)
    0x08002878   0x08002878   0x00000038   Code   RO         4296    i.GUI_RectsIntersect  STemWin522_CM3_OS_Keil.lib(gui_rectsintersect.o)
    0x080028b0   0x080028b0   0x00000010   Code   RO         4298    i.GUI_RestoreContext  STemWin522_CM3_OS_Keil.lib(gui_savecontext.o)
    0x080028c0   0x080028c0   0x00000010   Code   RO         4299    i.GUI_SaveContext_W  STemWin522_CM3_OS_Keil.lib(gui_savecontext.o)
    0x080028d0   0x080028d0   0x0000001a   Code   RO         4555    i.GUI_SelectLCD     STemWin522_CM3_OS_Keil.lib(gui_selectlcd.o)
    0x080028ea   0x080028ea   0x00000002   PAD
    0x080028ec   0x080028ec   0x00000030   Code   RO         4305    i.GUI_SelectLayer   STemWin522_CM3_OS_Keil.lib(gui_selectlayer.o)
    0x0800291c   0x0800291c   0x00000016   Code   RO         4036    i.GUI_SetBkColor    STemWin522_CM3_OS_Keil.lib(gui_setcolor.o)
    0x08002932   0x08002932   0x00000016   Code   RO         4037    i.GUI_SetColor      STemWin522_CM3_OS_Keil.lib(gui_setcolor.o)
    0x08002948   0x08002948   0x0000000c   Code   RO         3809    i.GUI_SetDefaultFont  STemWin522_CM3_OS_Keil.lib(gui_core.o)
    0x08002954   0x08002954   0x00000018   Code   RO         4625    i.GUI_SetDrawMode   STemWin522_CM3_OS_Keil.lib(gui_setdrawmode.o)
    0x0800296c   0x0800296c   0x00000020   Code   RO         4627    i.GUI_SetFont       STemWin522_CM3_OS_Keil.lib(gui_setfont.o)
    0x0800298c   0x0800298c   0x0000001c   Code   RO         4629    i.GUI_SetLineStyle  STemWin522_CM3_OS_Keil.lib(gui_setlinestyle.o)
    0x080029a8   0x080029a8   0x00000040   Code   RO         4040    i.GUI_SetOrg        STemWin522_CM3_OS_Keil.lib(gui_setorg.o)
    0x080029e8   0x080029e8   0x0000001c   Code   RO         4532    i.GUI_SetPenSize    STemWin522_CM3_OS_Keil.lib(gui_pen.o)
    0x08002a04   0x08002a04   0x00000020   Code   RO         4631    i.GUI_SetTextAlign  STemWin522_CM3_OS_Keil.lib(gui_settextalign.o)
    0x08002a24   0x08002a24   0x00000020   Code   RO         4633    i.GUI_SetTextMode   STemWin522_CM3_OS_Keil.lib(gui_settextmode.o)
    0x08002a44   0x08002a44   0x00000010   Code   RO         4340    i.GUI_SignalEvent   STemWin522_CM3_OS_Keil.lib(gui_waitevent.o)
    0x08002a54   0x08002a54   0x00000010   Code   RO         4281    i.GUI_StoreKey      STemWin522_CM3_OS_Keil.lib(gui_onkey.o)
    0x08002a64   0x08002a64   0x00000026   Code   RO         4636    i.GUI_TIMER_Delete  STemWin522_CM3_OS_Keil.lib(gui_timer.o)
    0x08002a8a   0x08002a8a   0x00000032   Code   RO         4638    i.GUI_TIMER_GetFlag  STemWin522_CM3_OS_Keil.lib(gui_timer.o)
    0x08002abc   0x08002abc   0x00000028   Code   RO         4644    i.GUI_TIMER__GetFirstTimer  STemWin522_CM3_OS_Keil.lib(gui_timer.o)
    0x08002ae4   0x08002ae4   0x00000036   Code   RO         4646    i.GUI_TIMER__GetNextTimerLin  STemWin522_CM3_OS_Keil.lib(gui_timer.o)
    0x08002b1a   0x08002b1a   0x00000002   PAD
    0x08002b1c   0x08002b1c   0x0000002c   Code   RO         4327    i.GUI_UC__GetCharCodeInc  STemWin522_CM3_OS_Keil.lib(gui_uc.o)
    0x08002b48   0x08002b48   0x00000028   Code   RO         4329    i.GUI_UC__NumChars2NumBytes  STemWin522_CM3_OS_Keil.lib(gui_uc.o)
    0x08002b70   0x08002b70   0x00000028   Code   RO         4736    i.GUI_USAGE_AddRect  STemWin522_CM3_OS_Keil.lib(guidev_usage.o)
    0x08002b98   0x08002b98   0x00000074   Code   RO         4742    i.GUI_USAGE_BM_AddHLine  STemWin522_CM3_OS_Keil.lib(guidev_usagebm.o)
    0x08002c0c   0x08002c0c   0x0000002c   Code   RO         4743    i.GUI_USAGE_BM_AddPixel  STemWin522_CM3_OS_Keil.lib(guidev_usagebm.o)
    0x08002c38   0x08002c38   0x0000000e   Code   RO         4744    i.GUI_USAGE_BM_Clear  STemWin522_CM3_OS_Keil.lib(guidev_usagebm.o)
    0x08002c46   0x08002c46   0x00000002   PAD
    0x08002c48   0x08002c48   0x0000005c   Code   RO         4745    i.GUI_USAGE_BM_Create  STemWin522_CM3_OS_Keil.lib(guidev_usagebm.o)
    0x08002ca4   0x08002ca4   0x000000be   Code   RO         4746    i.GUI_USAGE_BM_GetNextDirty  STemWin522_CM3_OS_Keil.lib(guidev_usagebm.o)
    0x08002d62   0x08002d62   0x0000002c   Code   RO         4737    i.GUI_USAGE_DecUseCnt  STemWin522_CM3_OS_Keil.lib(guidev_usage.o)
    0x08002d8e   0x08002d8e   0x00000002   PAD
    0x08002d90   0x08002d90   0x00000014   Code   RO         4047    i.GUI_Unlock        STemWin522_CM3_OS_Keil.lib(gui_task.o)
    0x08002da4   0x08002da4   0x0000001c   Code   RO         3432    i.GUI_X_Config      guiconf.o
    0x08002dc0   0x08002dc0   0x0000000c   Code   RO         3639    i.GUI_X_Delay       gui_x_freertos.o
    0x08002dcc   0x08002dcc   0x00000002   Code   RO         3641    i.GUI_X_ExecIdle    gui_x_freertos.o
    0x08002dce   0x08002dce   0x00000008   Code   RO         3642    i.GUI_X_GetTaskId   gui_x_freertos.o
    0x08002dd6   0x08002dd6   0x00000008   Code   RO         3643    i.GUI_X_GetTime     gui_x_freertos.o
    0x08002dde   0x08002dde   0x00000002   Code   RO         3644    i.GUI_X_Init        gui_x_freertos.o
    0x08002de0   0x08002de0   0x00000038   Code   RO         3645    i.GUI_X_InitOS      gui_x_freertos.o
    0x08002e18   0x08002e18   0x00000020   Code   RO         3646    i.GUI_X_Lock        gui_x_freertos.o
    0x08002e38   0x08002e38   0x00000018   Code   RO         3649    i.GUI_X_Unlock      gui_x_freertos.o
    0x08002e50   0x08002e50   0x00000016   Code   RO         4471    i.GUI__AllocAlphaBuffer  STemWin522_CM3_OS_Keil.lib(gui__alpha.o)
    0x08002e66   0x08002e66   0x00000002   PAD
    0x08002e68   0x08002e68   0x00000024   Code   RO         4558    i.GUI__AlphaSuppressMixing  STemWin522_CM3_OS_Keil.lib(gui_setalpha.o)
    0x08002e8c   0x08002e8c   0x00000128   Code   RO         4813    i.GUI__CompactPixelIndices  STemWin522_CM3_OS_Keil.lib(gui__compactpixelindices.o)
    0x08002fb4   0x08002fb4   0x00000174   Code   RO         4814    i.GUI__CompactPixelIndicesEx  STemWin522_CM3_OS_Keil.lib(gui__compactpixelindices.o)
    0x08003128   0x08003128   0x00000034   Code   RO         3811    i.GUI__Config       STemWin522_CM3_OS_Keil.lib(gui_core.o)
    0x0800315c   0x0800315c   0x000000b0   Code   RO         4259    i.GUI__DispLine     STemWin522_CM3_OS_Keil.lib(gui_charline.o)
    0x0800320c   0x0800320c   0x000001bc   Code   RO         4472    i.GUI__DoAlphaBlending  STemWin522_CM3_OS_Keil.lib(gui__alpha.o)
    0x080033c8   0x080033c8   0x00000140   Code   RO         4818    i.GUI__ExpandPixelIndicesEx  STemWin522_CM3_OS_Keil.lib(gui__expandpixelindices.o)
    0x08003508   0x08003508   0x00000090   Code   RO         4473    i.GUI__GetAlphaBuffer  STemWin522_CM3_OS_Keil.lib(gui__alpha.o)
    0x08003598   0x08003598   0x00000054   Code   RO         4260    i.GUI__GetLineDistX  STemWin522_CM3_OS_Keil.lib(gui_charline.o)
    0x080035ec   0x080035ec   0x00000038   Code   RO         4261    i.GUI__GetLineNumChars  STemWin522_CM3_OS_Keil.lib(gui_charline.o)
    0x08003624   0x08003624   0x0000001c   Code   RO         4526    i.GUI__GetOrg       STemWin522_CM3_OS_Keil.lib(gui_getorg.o)
    0x08003640   0x08003640   0x00000018   Code   RO         4262    i.GUI__GetOverlap   STemWin522_CM3_OS_Keil.lib(gui_charline.o)
    0x08003658   0x08003658   0x0000003a   Code   RO         4236    i.GUI__IntersectRect  STemWin522_CM3_OS_Keil.lib(gui__intersectrect.o)
    0x08003692   0x08003692   0x00000052   Code   RO         4238    i.GUI__IntersectRects  STemWin522_CM3_OS_Keil.lib(gui__intersectrects.o)
    0x080036e4   0x080036e4   0x00000010   Code   RO         4240    i.GUI__ManageCache  STemWin522_CM3_OS_Keil.lib(gui__managecache.o)
    0x080036f4   0x080036f4   0x000000ac   Code   RO         4241    i.GUI__ManageCacheEx  STemWin522_CM3_OS_Keil.lib(gui__managecache.o)
    0x080037a0   0x080037a0   0x00000060   Code   RO         4474    i.GUI__MixColors    STemWin522_CM3_OS_Keil.lib(gui__alpha.o)
    0x08003800   0x08003800   0x0000004e   Code   RO         4475    i.GUI__MixColorsBulk  STemWin522_CM3_OS_Keil.lib(gui__alpha.o)
    0x0800384e   0x0800384e   0x00000002   PAD
    0x08003850   0x08003850   0x00000010   Code   RO         3812    i.GUI__RegisterExit  STemWin522_CM3_OS_Keil.lib(gui_core.o)
    0x08003860   0x08003860   0x0000004c   Code   RO         4002    i.GUI__memset       STemWin522_CM3_OS_Keil.lib(gui__memset.o)
    0x080038ac   0x080038ac   0x00000020   Code   RO          571    i.HardFault_Handler  stm32f10x_it.o
    0x080038cc   0x080038cc   0x00000010   Code   RO         4917    i.LCD_AA_SetAndMask  STemWin522_CM3_OS_Keil.lib(lcd_aa.o)
    0x080038dc   0x080038dc   0x0000001c   Code   RO         4068    i.LCD_Color2Index   STemWin522_CM3_OS_Keil.lib(lcd.o)
    0x080038f8   0x080038f8   0x0000001c   Code   RO         3861    i.LCD_Color2Index_1  STemWin522_CM3_OS_Keil.lib(guicc_1.o)
    0x08003914   0x08003914   0x00000208   Code   RO         4069    i.LCD_DrawBitmap    STemWin522_CM3_OS_Keil.lib(lcd.o)
    0x08003b1c   0x08003b1c   0x00000058   Code   RO         4070    i.LCD_DrawHLine     STemWin522_CM3_OS_Keil.lib(lcd.o)
    0x08003b74   0x08003b74   0x00000068   Code   RO         4071    i.LCD_DrawPixel     STemWin522_CM3_OS_Keil.lib(lcd.o)
    0x08003bdc   0x08003bdc   0x00000058   Code   RO         4073    i.LCD_FillRect      STemWin522_CM3_OS_Keil.lib(lcd.o)
    0x08003c34   0x08003c34   0x00000006   Code   RO         3872    i.LCD_GetBitsPerPixelEx  STemWin522_CM3_OS_Keil.lib(lcd_getex.o)
    0x08003c3a   0x08003c3a   0x00000002   PAD
    0x08003c3c   0x08003c3c   0x00000010   Code   RO         3879    i.LCD_GetNumColors  STemWin522_CM3_OS_Keil.lib(lcd_getex.o)
    0x08003c4c   0x08003c4c   0x00000006   Code   RO         3880    i.LCD_GetNumColorsEx  STemWin522_CM3_OS_Keil.lib(lcd_getex.o)
    0x08003c52   0x08003c52   0x0000001a   Code   RO         4365    i.LCD_GetNumLayers  STemWin522_CM3_OS_Keil.lib(lcd_getnumdisplays.o)
    0x08003c6c   0x08003c6c   0x00000010   Code   RO         3881    i.LCD_GetPalette    STemWin522_CM3_OS_Keil.lib(lcd_getex.o)
    0x08003c7c   0x08003c7c   0x00000018   Code   RO         3882    i.LCD_GetPaletteEx  STemWin522_CM3_OS_Keil.lib(lcd_getex.o)
    0x08003c94   0x08003c94   0x00000006   Code   RO         3886    i.LCD_GetVXSizeEx   STemWin522_CM3_OS_Keil.lib(lcd_getex.o)
    0x08003c9a   0x08003c9a   0x00000006   Code   RO         3887    i.LCD_GetVXSizeMax  STemWin522_CM3_OS_Keil.lib(lcd_getex.o)
    0x08003ca0   0x08003ca0   0x00000006   Code   RO         3889    i.LCD_GetVYSizeEx   STemWin522_CM3_OS_Keil.lib(lcd_getex.o)
    0x08003ca6   0x08003ca6   0x00000002   PAD
    0x08003ca8   0x08003ca8   0x00000010   Code   RO         3893    i.LCD_GetXSize      STemWin522_CM3_OS_Keil.lib(lcd_getex.o)
    0x08003cb8   0x08003cb8   0x00000010   Code   RO         3898    i.LCD_GetYSize      STemWin522_CM3_OS_Keil.lib(lcd_getex.o)
    0x08003cc8   0x08003cc8   0x00000004   Code   RO         4107    i.LCD_GetpPalConvTableBM  STemWin522_CM3_OS_Keil.lib(lcd_color.o)
    0x08003ccc   0x08003ccc   0x00000048   Code   RO         4108    i.LCD_GetpPalConvTableUncached  STemWin522_CM3_OS_Keil.lib(lcd_color.o)
    0x08003d14   0x08003d14   0x0000001c   Code   RO         4074    i.LCD_Index2Color   STemWin522_CM3_OS_Keil.lib(lcd.o)
    0x08003d30   0x08003d30   0x00000002   Code   RO         4914    i.LCD_Index2Color_888  STemWin522_CM3_OS_Keil.lib(guicc_888_index2color.o)
    0x08003d32   0x08003d32   0x00000002   Code   RO         4912    i.LCD_Index2Color_8888  STemWin522_CM3_OS_Keil.lib(guicc_8888_index2color.o)
    0x08003d34   0x08003d34   0x00000034   Code   RO         4109    i.LCD_InitColors    STemWin522_CM3_OS_Keil.lib(lcd_color.o)
    0x08003d68   0x08003d68   0x00000070   Code   RO         4110    i.LCD_InitLUT       STemWin522_CM3_OS_Keil.lib(lcd_color.o)
    0x08003dd8   0x08003dd8   0x00000198   Code   RO         4931    i.LCD_ReadRectEx    STemWin522_CM3_OS_Keil.lib(lcd_readrect.o)
    0x08003f70   0x08003f70   0x00000044   Code   RO         4938    i.LCD_SelectLCD     STemWin522_CM3_OS_Keil.lib(lcd_selectlcd.o)
    0x08003fb4   0x08003fb4   0x0000000c   Code   RO         4075    i.LCD_SetBkColor    STemWin522_CM3_OS_Keil.lib(lcd.o)
    0x08003fc0   0x08003fc0   0x00000018   Code   RO         4076    i.LCD_SetBkColorIndex  STemWin522_CM3_OS_Keil.lib(lcd.o)
    0x08003fd8   0x08003fd8   0x00000030   Code   RO         4367    i.LCD_SetClipRectEx  STemWin522_CM3_OS_Keil.lib(lcd_setcliprectex.o)
    0x08004008   0x08004008   0x0000001c   Code   RO         4077    i.LCD_SetClipRectMax  STemWin522_CM3_OS_Keil.lib(lcd.o)
    0x08004024   0x08004024   0x0000000c   Code   RO         4078    i.LCD_SetColor      STemWin522_CM3_OS_Keil.lib(lcd.o)
    0x08004030   0x08004030   0x00000018   Code   RO         4079    i.LCD_SetColorIndex  STemWin522_CM3_OS_Keil.lib(lcd.o)
    0x08004048   0x08004048   0x0000000c   Code   RO         4080    i.LCD_SetDrawMode   STemWin522_CM3_OS_Keil.lib(lcd.o)
    0x08004054   0x08004054   0x0000002c   Code   RO         3960    i.LCD_SetLUTEntryEx  STemWin522_CM3_OS_Keil.lib(lcd_set.o)
    0x08004080   0x08004080   0x0000002c   Code   RO         3964    i.LCD_SetSizeEx     STemWin522_CM3_OS_Keil.lib(lcd_set.o)
    0x080040ac   0x080040ac   0x0000002c   Code   RO         3968    i.LCD_SetVSizeEx    STemWin522_CM3_OS_Keil.lib(lcd_set.o)
    0x080040d8   0x080040d8   0x00000024   Code   RO         4681    i.LCD_UpdateColorIndices  STemWin522_CM3_OS_Keil.lib(lcd_updatecolorindices.o)
    0x080040fc   0x080040fc   0x0000002c   Code   RO         3617    i.LCD_X_Config      lcdconf_flexcolor_template.o
    0x08004128   0x08004128   0x0000001a   Code   RO         3618    i.LCD_X_DisplayDriver  lcdconf_flexcolor_template.o
    0x08004142   0x08004142   0x00000002   PAD
    0x08004144   0x08004144   0x000001b4   Code   RO         4081    i.LCD__DrawBitmap_1bpp  STemWin522_CM3_OS_Keil.lib(lcd.o)
    0x080042f8   0x080042f8   0x0000005c   Code   RO         3903    i.LCD__GetBPP       STemWin522_CM3_OS_Keil.lib(lcd_getex.o)
    0x08004354   0x08004354   0x00000032   Code   RO         3904    i.LCD__GetBPPDevice  STemWin522_CM3_OS_Keil.lib(lcd_getex.o)
    0x08004386   0x08004386   0x00000044   Code   RO          322    i.LED_Init          led.o
    0x080043ca   0x080043ca   0x0000003c   Code   RO          323    i.LED_Off           led.o
    0x08004406   0x08004406   0x00000034   Code   RO          324    i.LED_On            led.o
    0x0800443a   0x0800443a   0x00000002   PAD
    0x0800443c   0x0800443c   0x00000030   Code   RO          391    i.LYY_DelayUs       delay.o
    0x0800446c   0x0800446c   0x00000004   Code   RO          572    i.MemManage_Handler  stm32f10x_it.o
    0x08004470   0x08004470   0x00000002   Code   RO          573    i.NMI_Handler       stm32f10x_it.o
    0x08004472   0x08004472   0x00000002   PAD
    0x08004474   0x08004474   0x00000014   Code   RO          649    i.NVIC_PriorityGroupConfig  misc.o
    0x08004488   0x08004488   0x00000028   Code   RO          257    i.OLED_ClearDispaly  oled.o
    0x080044b0   0x080044b0   0x0000000c   Code   RO          258    i.OLED_Delay        oled.o
    0x080044bc   0x080044bc   0x00000068   Code   RO          259    i.OLED_DrawPoint    oled.o
    0x08004524   0x08004524   0x000000a0   Code   RO          260    i.OLED_IOInit       oled.o
    0x080045c4   0x080045c4   0x0000003c   Code   RO          261    i.OLED_Init         oled.o
    0x08004600   0x08004600   0x00000044   Code   RO          262    i.OLED_Refresh      oled.o
    0x08004644   0x08004644   0x000000a6   Code   RO          263    i.OLED_RegInit      oled.o
    0x080046ea   0x080046ea   0x00000028   Code   RO          264    i.OLED_SetPos       oled.o
    0x08004712   0x08004712   0x00000002   PAD
    0x08004714   0x08004714   0x00000058   Code   RO          265    i.OLED_WriteCmd     oled.o
    0x0800476c   0x0800476c   0x00000058   Code   RO          266    i.OLED_WriteData    oled.o
    0x080047c4   0x080047c4   0x00000084   Code   RO          539    i.OneNetInit        onenet.o
    0x08004848   0x08004848   0x00000098   Code   RO          540    i.OneNet_SendDataHttp  onenet.o
    0x080048e0   0x080048e0   0x00000020   Code   RO         1459    i.RCC_AHBPeriphClockCmd  stm32f10x_rcc.o
    0x08004900   0x08004900   0x00000020   Code   RO         1460    i.RCC_APB1PeriphClockCmd  stm32f10x_rcc.o
    0x08004920   0x08004920   0x00000020   Code   RO         1462    i.RCC_APB2PeriphClockCmd  stm32f10x_rcc.o
    0x08004940   0x08004940   0x000000d4   Code   RO         1470    i.RCC_GetClocksFreq  stm32f10x_rcc.o
    0x08004a14   0x08004a14   0x00000034   Code   RO         3362    i.SysTick_Handler   port.o
    0x08004a48   0x08004a48   0x00000038   Code   RO          392    i.TIM3_Init         delay.o
    0x08004a80   0x08004a80   0x00000018   Code   RO         1821    i.TIM_Cmd           stm32f10x_tim.o
    0x08004a98   0x08004a98   0x000000a4   Code   RO         1892    i.TIM_TimeBaseInit  stm32f10x_tim.o
    0x08004b3c   0x08004b3c   0x00000034   Code   RO          222    i.USART2_IRQHandler  task_wifi.o
    0x08004b70   0x08004b70   0x00000012   Code   RO         2353    i.USART_ClearFlag   stm32f10x_usart.o
    0x08004b82   0x08004b82   0x00000018   Code   RO         2357    i.USART_Cmd         stm32f10x_usart.o
    0x08004b9a   0x08004b9a   0x0000001a   Code   RO         2360    i.USART_GetFlagStatus  stm32f10x_usart.o
    0x08004bb4   0x08004bb4   0x00000054   Code   RO         2361    i.USART_GetITStatus  stm32f10x_usart.o
    0x08004c08   0x08004c08   0x0000004a   Code   RO         2363    i.USART_ITConfig    stm32f10x_usart.o
    0x08004c52   0x08004c52   0x00000002   PAD
    0x08004c54   0x08004c54   0x000000d8   Code   RO         2364    i.USART_Init        stm32f10x_usart.o
    0x08004d2c   0x08004d2c   0x0000000a   Code   RO         2371    i.USART_ReceiveData  stm32f10x_usart.o
    0x08004d36   0x08004d36   0x00000008   Code   RO         2374    i.USART_SendData    stm32f10x_usart.o
    0x08004d3e   0x08004d3e   0x00000004   Code   RO          574    i.UsageFault_Handler  stm32f10x_it.o
    0x08004d42   0x08004d42   0x00000002   PAD
    0x08004d44   0x08004d44   0x00000010   Code   RO         4121    i.WM_Activate       STemWin522_CM3_OS_Keil.lib(wm.o)
    0x08004d54   0x08004d54   0x00000088   Code   RO         4420    i.WM_BringToBottom  STemWin522_CM3_OS_Keil.lib(wm_bringtobottom.o)
    0x08004ddc   0x08004ddc   0x00000154   Code   RO         4123    i.WM_CreateWindowAsChild  STemWin522_CM3_OS_Keil.lib(wm.o)
    0x08004f30   0x08004f30   0x00000020   Code   RO         4124    i.WM_Deactivate     STemWin522_CM3_OS_Keil.lib(wm.o)
    0x08004f50   0x08004f50   0x00000046   Code   RO         4125    i.WM_DefaultProc    STemWin522_CM3_OS_Keil.lib(wm.o)
    0x08004f96   0x08004f96   0x0000002a   Code   RO         4441    i.WM_DeleteTimer    STemWin522_CM3_OS_Keil.lib(wm_timer.o)
    0x08004fc0   0x08004fc0   0x000000d0   Code   RO         4126    i.WM_DeleteWindow   STemWin522_CM3_OS_Keil.lib(wm.o)
    0x08005090   0x08005090   0x00000088   Code   RO         4127    i.WM_Exec           STemWin522_CM3_OS_Keil.lib(wm.o)
    0x08005118   0x08005118   0x00000018   Code   RO         4234    i.WM_GetDesktopWindow  STemWin522_CM3_OS_Keil.lib(wm_getdesktopwindow.o)
    0x08005130   0x08005130   0x0000001a   Code   RO         4432    i.WM_GetFirstChild  STemWin522_CM3_OS_Keil.lib(wm_getfirstchild.o)
    0x0800514a   0x0800514a   0x0000001a   Code   RO         4780    i.WM_GetParent      STemWin522_CM3_OS_Keil.lib(wm_getparent.o)
    0x08005164   0x08005164   0x000000d4   Code   RO         4129    i.WM_Init           STemWin522_CM3_OS_Keil.lib(wm.o)
    0x08005238   0x08005238   0x00000080   Code   RO         4130    i.WM_InvalidateRect  STemWin522_CM3_OS_Keil.lib(wm.o)
    0x080052b8   0x080052b8   0x00000006   Code   RO         4131    i.WM_InvalidateWindow  STemWin522_CM3_OS_Keil.lib(wm.o)
    0x080052be   0x080052be   0x0000005e   Code   RO         4132    i.WM_InvalidateWindowAndDescsEx  STemWin522_CM3_OS_Keil.lib(wm.o)
    0x0800531c   0x0800531c   0x0000001e   Code   RO         4964    i.WM_MoveWindow     STemWin522_CM3_OS_Keil.lib(wm_move.o)
    0x0800533a   0x0800533a   0x00000010   Code   RO         4434    i.WM_NotifyParent   STemWin522_CM3_OS_Keil.lib(wm_notifyparent.o)
    0x0800534a   0x0800534a   0x00000002   PAD
    0x0800534c   0x0800534c   0x00000040   Code   RO         4788    i.WM_OnKey          STemWin522_CM3_OS_Keil.lib(wm_onkey.o)
    0x0800538c   0x0800538c   0x000000f6   Code   RO         4946    i.WM_ResizeWindow   STemWin522_CM3_OS_Keil.lib(wm_resizewindow.o)
    0x08005482   0x08005482   0x00000002   PAD
    0x08005484   0x08005484   0x00000044   Code   RO         4133    i.WM_SelectWindow   STemWin522_CM3_OS_Keil.lib(wm.o)
    0x080054c8   0x080054c8   0x0000001a   Code   RO         4436    i.WM_SendMessageNoPara  STemWin522_CM3_OS_Keil.lib(wm_sendmessagenopara.o)
    0x080054e2   0x080054e2   0x00000026   Code   RO         4438    i.WM_SendToParent   STemWin522_CM3_OS_Keil.lib(wm_sendtoparent.o)
    0x08005508   0x08005508   0x00000014   Code   RO         4135    i.WM_SetDefault     STemWin522_CM3_OS_Keil.lib(wm.o)
    0x0800551c   0x0800551c   0x00000048   Code   RO         4811    i.WM_SetSize        STemWin522_CM3_OS_Keil.lib(wm_setsize.o)
    0x08005564   0x08005564   0x00000048   Code   RO         4136    i.WM__ActivateClipRect  STemWin522_CM3_OS_Keil.lib(wm.o)
    0x080055ac   0x080055ac   0x00000010   Code   RO         4422    i.WM__AddCriticalHandle  STemWin522_CM3_OS_Keil.lib(wm_criticalhandle.o)
    0x080055bc   0x080055bc   0x00000010   Code   RO         4137    i.WM__Client2Screen  STemWin522_CM3_OS_Keil.lib(wm.o)
    0x080055cc   0x080055cc   0x0000004e   Code   RO         4138    i.WM__ClipAtParentBorders  STemWin522_CM3_OS_Keil.lib(wm.o)
    0x0800561a   0x0800561a   0x00000052   Code   RO         4444    i.WM__DeleteAssocTimer  STemWin522_CM3_OS_Keil.lib(wm_timer.o)
    0x0800566c   0x0800566c   0x00000028   Code   RO         4140    i.WM__DetachWindow  STemWin522_CM3_OS_Keil.lib(wm.o)
    0x08005694   0x08005694   0x00000020   Code   RO         4428    i.WM__GetClientRectEx  STemWin522_CM3_OS_Keil.lib(wm_getclientrect.o)
    0x080056b4   0x080056b4   0x00000018   Code   RO         4141    i.WM__GetClientRectWin  STemWin522_CM3_OS_Keil.lib(wm.o)
    0x080056cc   0x080056cc   0x00000012   Code   RO         4942    i.WM__GetFirstSibling  STemWin522_CM3_OS_Keil.lib(wm__getfirstsibling.o)
    0x080056de   0x080056de   0x00000002   PAD
    0x080056e0   0x080056e0   0x00000040   Code   RO         4142    i.WM__GetNextIVR    STemWin522_CM3_OS_Keil.lib(wm.o)
    0x08005720   0x08005720   0x00000024   Code   RO         4768    i.WM__GetPrevSibling  STemWin522_CM3_OS_Keil.lib(wm__getprevsibling.o)
    0x08005744   0x08005744   0x00000018   Code   RO         4143    i.WM__GetTopLevelLayer  STemWin522_CM3_OS_Keil.lib(wm.o)
    0x0800575c   0x0800575c   0x000000f0   Code   RO         4144    i.WM__InitIVRSearch  STemWin522_CM3_OS_Keil.lib(wm.o)
    0x0800584c   0x0800584c   0x000000a4   Code   RO         4145    i.WM__InsertWindowIntoList  STemWin522_CM3_OS_Keil.lib(wm.o)
    0x080058f0   0x080058f0   0x00000006   Code   RO         4146    i.WM__Invalidate1Abs  STemWin522_CM3_OS_Keil.lib(wm.o)
    0x080058f6   0x080058f6   0x00000046   Code   RO         4147    i.WM__InvalidateDrawAndDescs  STemWin522_CM3_OS_Keil.lib(wm.o)
    0x0800593c   0x0800593c   0x0000002a   Code   RO         4148    i.WM__InvalidateParent  STemWin522_CM3_OS_Keil.lib(wm.o)
    0x08005966   0x08005966   0x00000076   Code   RO         4149    i.WM__InvalidateRect  STemWin522_CM3_OS_Keil.lib(wm.o)
    0x080059dc   0x080059dc   0x00000006   Code   RO         4150    i.WM__InvalidateRectEx  STemWin522_CM3_OS_Keil.lib(wm.o)
    0x080059e2   0x080059e2   0x00000002   PAD
    0x080059e4   0x080059e4   0x00000024   Code   RO         4151    i.WM__IsWindow      STemWin522_CM3_OS_Keil.lib(wm.o)
    0x08005a08   0x08005a08   0x00000098   Code   RO         4966    i.WM__MoveWindow    STemWin522_CM3_OS_Keil.lib(wm_move.o)
    0x08005aa0   0x08005aa0   0x000000a0   Code   RO         4152    i.WM__Paint         STemWin522_CM3_OS_Keil.lib(wm.o)
    0x08005b40   0x08005b40   0x00000090   Code   RO         4153    i.WM__Paint1        STemWin522_CM3_OS_Keil.lib(wm.o)
    0x08005bd0   0x08005bd0   0x00000078   Code   RO         4154    i.WM__PaintWinAndOverlays  STemWin522_CM3_OS_Keil.lib(wm.o)
    0x08005c48   0x08005c48   0x00000020   Code   RO         4155    i.WM__RectIsNZ      STemWin522_CM3_OS_Keil.lib(wm.o)
    0x08005c68   0x08005c68   0x00000030   Code   RO         4156    i.WM__RemoveFromLinList  STemWin522_CM3_OS_Keil.lib(wm.o)
    0x08005c98   0x08005c98   0x00000040   Code   RO         4157    i.WM__RemoveWindowFromList  STemWin522_CM3_OS_Keil.lib(wm.o)
    0x08005cd8   0x08005cd8   0x00000014   Code   RO         4158    i.WM__SelectTopLevelLayer  STemWin522_CM3_OS_Keil.lib(wm.o)
    0x08005cec   0x08005cec   0x0000003c   Code   RO         4417    i.WM__SendMessage   STemWin522_CM3_OS_Keil.lib(wm__sendmessage.o)
    0x08005d28   0x08005d28   0x00000026   Code   RO         4778    i.WM__SendMessageNoPara  STemWin522_CM3_OS_Keil.lib(wm__sendmessagenopara.o)
    0x08005d4e   0x08005d4e   0x0000000e   Code   RO         4159    i.WM__SendMsgNoData  STemWin522_CM3_OS_Keil.lib(wm.o)
    0x08005d5c   0x08005d5c   0x000000dc   Code   RO         4957    i.WM__UpdateChildPositions  STemWin522_CM3_OS_Keil.lib(wm__updatechildpositions.o)
    0x08005e38   0x08005e38   0x00000078   Code   RO         3747    i._AddFreeMemory    STemWin522_CM3_OS_Keil.lib(gui_alloc.o)
    0x08005eb0   0x08005eb0   0x000000bc   Code   RO         3748    i._Alloc            STemWin522_CM3_OS_Keil.lib(gui_alloc.o)
    0x08005f6c   0x08005f6c   0x00000004   Code   RO         4058    i._CalcSizeOfChar   STemWin522_CM3_OS_Keil.lib(gui_uc_encodenone.o)
    0x08005f70   0x08005f70   0x0000000e   Code   RO         4672    i._Color2IndexBulk  STemWin522_CM3_OS_Keil.lib(guicc_8888.o)
    0x08005f7e   0x08005f7e   0x00000002   PAD
    0x08005f80   0x08005f80   0x00000054   Code   RO         4352    i._Color2Index_0    STemWin522_CM3_OS_Keil.lib(guicc_0.o)
    0x08005fd4   0x08005fd4   0x00000002   Code   RO         4673    i._Color2Index_8888  STemWin522_CM3_OS_Keil.lib(guicc_8888.o)
    0x08005fd6   0x08005fd6   0x0000003e   Code   RO         4760    i._Convert16        STemWin522_CM3_OS_Keil.lib(guidev_writetoactiveopaque.o)
    0x08006014   0x08006014   0x00000120   Code   RO         4404    i._CreateStaticDevice  STemWin522_CM3_OS_Keil.lib(guidev_staticdevices.o)
    0x08006134   0x08006134   0x00000012   Code   RO         4160    i._DeleteAllChildren  STemWin522_CM3_OS_Keil.lib(wm.o)
    0x08006146   0x08006146   0x00000002   PAD
    0x08006148   0x08006148   0x00000020   Code   RO         4161    i._DesktopHandle2Index  STemWin522_CM3_OS_Keil.lib(wm.o)
    0x08006168   0x08006168   0x00000074   Code   RO         4263    i._DispLine         STemWin522_CM3_OS_Keil.lib(gui_charline.o)
    0x080061dc   0x080061dc   0x0000002a   Code   RO         3448    i._DrawBitLine16BPP  guidrv_template.o
    0x08006206   0x08006206   0x00000002   PAD
    0x08006208   0x08006208   0x000000f0   Code   RO         3449    i._DrawBitLine1BPP  guidrv_template.o
    0x080062f8   0x080062f8   0x00000114   Code   RO         4683    i._DrawBitLine1BPP  STemWin522_CM3_OS_Keil.lib(guidev_32.o)
    0x0800640c   0x0800640c   0x0000016c   Code   RO         3450    i._DrawBitLine2BPP  guidrv_template.o
    0x08006578   0x08006578   0x000000e0   Code   RO         4684    i._DrawBitLine2BPP  STemWin522_CM3_OS_Keil.lib(guidev_32.o)
    0x08006658   0x08006658   0x0000002a   Code   RO         3451    i._DrawBitLine32BPP  guidrv_template.o
    0x08006682   0x08006682   0x00000088   Code   RO         4685    i._DrawBitLine32BPP_DDB  STemWin522_CM3_OS_Keil.lib(guidev_32.o)
    0x0800670a   0x0800670a   0x00000002   PAD
    0x0800670c   0x0800670c   0x0000016c   Code   RO         3452    i._DrawBitLine4BPP  guidrv_template.o
    0x08006878   0x08006878   0x00000158   Code   RO         4686    i._DrawBitLine4BPP  STemWin522_CM3_OS_Keil.lib(guidev_32.o)
    0x080069d0   0x080069d0   0x000000b0   Code   RO         3453    i._DrawBitLine8BPP  guidrv_template.o
    0x08006a80   0x08006a80   0x000000fa   Code   RO         3454    i._DrawBitmap       guidrv_template.o
    0x08006b7a   0x08006b7a   0x00000002   PAD
    0x08006b7c   0x08006b7c   0x00000294   Code   RO         4687    i._DrawBitmap       STemWin522_CM3_OS_Keil.lib(guidev_32.o)
    0x08006e10   0x08006e10   0x0000001a   Code   RO         3455    i._DrawHLine        guidrv_template.o
    0x08006e2a   0x08006e2a   0x0000000a   Code   RO         4688    i._DrawHLine        STemWin522_CM3_OS_Keil.lib(guidev_32.o)
    0x08006e34   0x08006e34   0x0000005c   Code   RO         4162    i._DrawNext         STemWin522_CM3_OS_Keil.lib(wm.o)
    0x08006e90   0x08006e90   0x0000001a   Code   RO         3456    i._DrawVLine        guidrv_template.o
    0x08006eaa   0x08006eaa   0x00000002   PAD
    0x08006eac   0x08006eac   0x000000ac   Code   RO         4689    i._DrawVLine        STemWin522_CM3_OS_Keil.lib(guidev_32.o)
    0x08006f58   0x08006f58   0x00000006   Code   RO         4059    i._Encode           STemWin522_CM3_OS_Keil.lib(gui_uc_encodenone.o)
    0x08006f5e   0x08006f5e   0x00000002   PAD
    0x08006f60   0x08006f60   0x00000094   Code   RO         3749    i._EnlargeBlocks    STemWin522_CM3_OS_Keil.lib(gui_alloc.o)
    0x08006ff4   0x08006ff4   0x00000078   Code   RO         4163    i._Exec1Input       STemWin522_CM3_OS_Keil.lib(wm.o)
    0x0800706c   0x0800706c   0x0000006c   Code   RO         3457    i._FillRect         guidrv_template.o
    0x080070d8   0x080070d8   0x000000a4   Code   RO         4690    i._FillRect         STemWin522_CM3_OS_Keil.lib(guidev_32.o)
    0x0800717c   0x0800717c   0x00000148   Code   RO         4164    i._FindNext_IVR     STemWin522_CM3_OS_Keil.lib(wm.o)
    0x080072c4   0x080072c4   0x0000007c   Code   RO         4165    i._Findx0           STemWin522_CM3_OS_Keil.lib(wm.o)
    0x08007340   0x08007340   0x00000072   Code   RO         4166    i._Findx1           STemWin522_CM3_OS_Keil.lib(wm.o)
    0x080073b2   0x080073b2   0x000000a2   Code   RO         4167    i._Findy1           STemWin522_CM3_OS_Keil.lib(wm.o)
    0x08007454   0x08007454   0x00000004   Code   RO         4747    i._GUI_USAGE_BM_Delete  STemWin522_CM3_OS_Keil.lib(guidev_usagebm.o)
    0x08007458   0x08007458   0x00000004   Code   RO         4060    i._GetCharCode      STemWin522_CM3_OS_Keil.lib(gui_uc_encodenone.o)
    0x0800745c   0x0800745c   0x00000004   Code   RO         4061    i._GetCharSize      STemWin522_CM3_OS_Keil.lib(gui_uc_encodenone.o)
    0x08007460   0x08007460   0x00000006   Code   RO         3458    i._GetDevData       guidrv_template.o
    0x08007466   0x08007466   0x00000002   PAD
    0x08007468   0x08007468   0x00000010   Code   RO         4691    i._GetDevData       STemWin522_CM3_OS_Keil.lib(guidev_32.o)
    0x08007478   0x08007478   0x00000054   Code   RO         3459    i._GetDevFunc       guidrv_template.o
    0x080074cc   0x080074cc   0x00000010   Code   RO         4692    i._GetDevFunc       STemWin522_CM3_OS_Keil.lib(guidev_32.o)
    0x080074dc   0x080074dc   0x00000050   Code   RO         3460    i._GetDevProp       guidrv_template.o
    0x0800752c   0x0800752c   0x0000001e   Code   RO         3905    i._GetDevProp       STemWin522_CM3_OS_Keil.lib(lcd_getex.o)
    0x0800754a   0x0800754a   0x0000000c   Code   RO         4693    i._GetDevProp       STemWin522_CM3_OS_Keil.lib(guidev_32.o)
    0x08007556   0x08007556   0x00000052   Code   RO         4353    i._GetIndexMask_0   STemWin522_CM3_OS_Keil.lib(guicc_0.o)
    0x080075a8   0x080075a8   0x00000004   Code   RO         3862    i._GetIndexMask_1   STemWin522_CM3_OS_Keil.lib(guicc_1.o)
    0x080075ac   0x080075ac   0x00000006   Code   RO         4674    i._GetIndexMask_8888  STemWin522_CM3_OS_Keil.lib(guicc_8888.o)
    0x080075b2   0x080075b2   0x0000001e   Code   RO         3906    i._GetMaxValue      STemWin522_CM3_OS_Keil.lib(lcd_getex.o)
    0x080075d0   0x080075d0   0x0000001c   Code   RO         3750    i._GetMinIndex      STemWin522_CM3_OS_Keil.lib(gui_alloc.o)
    0x080075ec   0x080075ec   0x00000008   Code   RO         3461    i._GetPixelIndex    guidrv_template.o
    0x080075f4   0x080075f4   0x0000000e   Code   RO         4694    i._GetPixelIndex    STemWin522_CM3_OS_Keil.lib(guidev_32.o)
    0x08007602   0x08007602   0x0000001a   Code   RO         3462    i._GetRect          guidrv_template.o
    0x0800761c   0x0800761c   0x00000030   Code   RO         4695    i._GetRect          STemWin522_CM3_OS_Keil.lib(guidev_32.o)
    0x0800764c   0x0800764c   0x00000010   Code   RO         4029    i._GotoX            STemWin522_CM3_OS_Keil.lib(gui_goto.o)
    0x0800765c   0x0800765c   0x00000010   Code   RO         4030    i._GotoY            STemWin522_CM3_OS_Keil.lib(gui_goto.o)
    0x0800766c   0x0800766c   0x0000001c   Code   RO         4283    i._IncPointer       STemWin522_CM3_OS_Keil.lib(gui_onkey.o)
    0x08007688   0x08007688   0x00000006   Code   RO         4284    i._IncReadPointer   STemWin522_CM3_OS_Keil.lib(gui_onkey.o)
    0x0800768e   0x0800768e   0x0000000e   Code   RO         4675    i._Index2ColorBulk  STemWin522_CM3_OS_Keil.lib(guicc_8888.o)
    0x0800769c   0x0800769c   0x00000020   Code   RO         4354    i._Index2Color_0    STemWin522_CM3_OS_Keil.lib(guicc_0.o)
    0x080076bc   0x080076bc   0x0000000a   Code   RO         3863    i._Index2Color_1    STemWin522_CM3_OS_Keil.lib(guicc_1.o)
    0x080076c6   0x080076c6   0x0000001c   Code   RO         3463    i._Init             guidrv_template.o
    0x080076e2   0x080076e2   0x00000002   PAD
    0x080076e4   0x080076e4   0x00000070   Code   RO         3813    i._InitContext      STemWin522_CM3_OS_Keil.lib(gui_core.o)
    0x08007754   0x08007754   0x0000002c   Code   RO         3464    i._InitOnce         guidrv_template.o
    0x08007780   0x08007780   0x000000a4   Code   RO         3751    i._InitOnce         STemWin522_CM3_OS_Keil.lib(gui_alloc.o)
    0x08007824   0x08007824   0x00000080   Code   RO         4168    i._Invalidate1Abs   STemWin522_CM3_OS_Keil.lib(wm.o)
    0x080078a4   0x080078a4   0x00000002   Code   RO         4264    i._Log2VisBuffered  STemWin522_CM3_OS_Keil.lib(gui_charline.o)
    0x080078a6   0x080078a6   0x00000008   Code   RO         4391    i._Min              STemWin522_CM3_OS_Keil.lib(guidev_banding.o)
    0x080078ae   0x080078ae   0x0000006e   Code   RO         4967    i._MoveDescendents  STemWin522_CM3_OS_Keil.lib(wm_move.o)
    0x0800791c   0x0800791c   0x00000010   Code   RO         3465    i._Off              guidrv_template.o
    0x0800792c   0x0800792c   0x00000010   Code   RO         3466    i._On               guidrv_template.o
    0x0800793c   0x0800793c   0x00000034   Code   RO         3752    i._OnExit           STemWin522_CM3_OS_Keil.lib(gui_alloc.o)
    0x08007970   0x08007970   0x0000002c   Code   RO         3814    i._OnExit           STemWin522_CM3_OS_Keil.lib(gui_core.o)
    0x0800799c   0x0800799c   0x00000014   Code   RO         4048    i._OnExit           STemWin522_CM3_OS_Keil.lib(gui_task.o)
    0x080079b0   0x080079b0   0x00000014   Code   RO         4112    i._OnExit           STemWin522_CM3_OS_Keil.lib(lcd_color.o)
    0x080079c4   0x080079c4   0x00000034   Code   RO         4169    i._OnExit           STemWin522_CM3_OS_Keil.lib(wm.o)
    0x080079f8   0x080079f8   0x00000028   Code   RO         4477    i._OnExit           STemWin522_CM3_OS_Keil.lib(gui__alpha.o)
    0x08007a20   0x08007a20   0x00000024   Code   RO         4170    i._Paint1           STemWin522_CM3_OS_Keil.lib(wm.o)
    0x08007a44   0x08007a44   0x0000008c   Code   RO         4171    i._Paint1Trans      STemWin522_CM3_OS_Keil.lib(wm.o)
    0x08007ad0   0x08007ad0   0x0000009a   Code   RO         4172    i._PaintTransChildren  STemWin522_CM3_OS_Keil.lib(wm.o)
    0x08007b6a   0x08007b6a   0x00000002   PAD
    0x08007b6c   0x08007b6c   0x00000040   Code   RO         3753    i._PopFreeBlock     STemWin522_CM3_OS_Keil.lib(gui_alloc.o)
    0x08007bac   0x08007bac   0x00000024   Code   RO         3754    i._PushFreeBlock    STemWin522_CM3_OS_Keil.lib(gui_alloc.o)
    0x08007bd0   0x08007bd0   0x00000034   Code   RO         3755    i._RemoveFreeBlock  STemWin522_CM3_OS_Keil.lib(gui_alloc.o)
    0x08007c04   0x08007c04   0x0000005c   Code   RO         4651    i._RemoveFromLinList  STemWin522_CM3_OS_Keil.lib(gui_timer.o)
    0x08007c60   0x08007c60   0x000000a0   Code   RO         3756    i._RemoveHoles      STemWin522_CM3_OS_Keil.lib(gui_alloc.o)
    0x08007d00   0x08007d00   0x00000020   Code   RO         4082    i._SetBkColor       STemWin522_CM3_OS_Keil.lib(lcd.o)
    0x08007d20   0x08007d20   0x0000004c   Code   RO         4173    i._SetClipRectUserIntersect  STemWin522_CM3_OS_Keil.lib(wm.o)
    0x08007d6c   0x08007d6c   0x00000020   Code   RO         4083    i._SetColor         STemWin522_CM3_OS_Keil.lib(lcd.o)
    0x08007d8c   0x08007d8c   0x0000002c   Code   RO         4084    i._SetDrawMode      STemWin522_CM3_OS_Keil.lib(lcd.o)
    0x08007db8   0x08007db8   0x00000020   Code   RO         3467    i._SetLUTEntry      guidrv_template.o
    0x08007dd8   0x08007dd8   0x0000001e   Code   RO         3468    i._SetOrg           guidrv_template.o
    0x08007df6   0x08007df6   0x00000008   Code   RO         4696    i._SetOrg           STemWin522_CM3_OS_Keil.lib(guidev_32.o)
    0x08007dfe   0x08007dfe   0x0000001e   Code   RO         3469    i._SetPixelIndex    guidrv_template.o
    0x08007e1c   0x08007e1c   0x00000048   Code   RO         4697    i._SetPixelIndex    STemWin522_CM3_OS_Keil.lib(guidev_32.o)
    0x08007e64   0x08007e64   0x0000003e   Code   RO         3470    i._SetSize          guidrv_template.o
    0x08007ea2   0x08007ea2   0x00000026   Code   RO         3471    i._SetVRAMAddr      guidrv_template.o
    0x08007ec8   0x08007ec8   0x00000020   Code   RO         3472    i._SetVSize         guidrv_template.o
    0x08007ee8   0x08007ee8   0x000000ea   Code   RO         3757    i._TestRAM          STemWin522_CM3_OS_Keil.lib(gui_alloc.o)
    0x08007fd2   0x08007fd2   0x00000002   PAD
    0x08007fd4   0x08007fd4   0x00000050   Code   RO         4652    i._Unlink           STemWin522_CM3_OS_Keil.lib(gui_timer.o)
    0x08008024   0x08008024   0x00000030   Code   RO         3843    i._UnlinkDevice     STemWin522_CM3_OS_Keil.lib(gui_device.o)
    0x08008054   0x08008054   0x0000000e   Code   RO         3758    i._WriteTagData     STemWin522_CM3_OS_Keil.lib(gui_alloc.o)
    0x08008062   0x08008062   0x00000002   PAD
    0x08008064   0x08008064   0x00000330   Code   RO         4761    i._WriteToActiveOpaque_8  STemWin522_CM3_OS_Keil.lib(guidev_writetoactiveopaque.o)
    0x08008394   0x08008394   0x000002f8   Code   RO         4762    i._WriteToActiveOpaque_HT  STemWin522_CM3_OS_Keil.lib(guidev_writetoactiveopaque.o)
    0x0800868c   0x0800868c   0x0000003c   Code   RO         4698    i._XY2PTR           STemWin522_CM3_OS_Keil.lib(guidev_32.o)
    0x080086c8   0x080086c8   0x00000030   Code   RO         3473    i._XorPixel         guidrv_template.o
    0x080086f8   0x080086f8   0x00000058   Code   RO         4699    i._XorPixel         STemWin522_CM3_OS_Keil.lib(guidev_32.o)
    0x08008750   0x08008750   0x00000020   Code   RO         5223    i.__0printf         mc_w.l(printfa.o)
    0x08008770   0x08008770   0x00000028   Code   RO         5225    i.__0sprintf        mc_w.l(printfa.o)
    0x08008798   0x08008798   0x0000000e   Code   RO         5304    i.__scatterload_copy  mc_w.l(handlers.o)
    0x080087a6   0x080087a6   0x00000002   Code   RO         5305    i.__scatterload_null  mc_w.l(handlers.o)
    0x080087a8   0x080087a8   0x0000000e   Code   RO         5306    i.__scatterload_zeroinit  mc_w.l(handlers.o)
    0x080087b6   0x080087b6   0x00000002   PAD
    0x080087b8   0x080087b8   0x00000044   Code   RO         4174    i._cbPaintMemDev    STemWin522_CM3_OS_Keil.lib(wm.o)
    0x080087fc   0x080087fc   0x00000184   Code   RO         5230    i._fp_digits        mc_w.l(printfa.o)
    0x08008980   0x08008980   0x000006b4   Code   RO         5231    i._printf_core      mc_w.l(printfa.o)
    0x08009034   0x08009034   0x00000024   Code   RO         5232    i._printf_post_padding  mc_w.l(printfa.o)
    0x08009058   0x08009058   0x0000002e   Code   RO         5233    i._printf_pre_padding  mc_w.l(printfa.o)
    0x08009086   0x08009086   0x0000000a   Code   RO         5235    i._sputc            mc_w.l(printfa.o)
    0x08009090   0x08009090   0x00000050   Code   RO         4175    i.cbBackWin         STemWin522_CM3_OS_Keil.lib(wm.o)
    0x080090e0   0x080090e0   0x0000008a   Code   RO         4085    i.emWin_LCD_Init    STemWin522_CM3_OS_Keil.lib(lcd.o)
    0x0800916a   0x0800916a   0x00000002   PAD
    0x0800916c   0x0800916c   0x00000024   Code   RO          360    i.fputc             debug.o
    0x08009190   0x08009190   0x000000d4   Code   RO            1    i.main              main.o
    0x08009264   0x08009264   0x000000c0   Code   RO         3063    i.prvAddCurrentTaskToDelayedList  tasks.o
    0x08009324   0x08009324   0x000000e4   Code   RO         3064    i.prvAddNewTaskToReadyList  tasks.o
    0x08009408   0x08009408   0x00000002   Code   RO         3065    i.prvCheckTasksWaitingTermination  tasks.o
    0x0800940a   0x0800940a   0x0000002a   Code   RO         2729    i.prvCopyDataFromQueue  queue.o
    0x08009434   0x08009434   0x0000007e   Code   RO         2730    i.prvCopyDataToQueue  queue.o
    0x080094b2   0x080094b2   0x00000014   Code   RO         2731    i.prvGetDisinheritPriorityAfterTimeout  queue.o
    0x080094c6   0x080094c6   0x00000002   PAD
    0x080094c8   0x080094c8   0x0000007c   Code   RO         2540    i.prvHeapInit       heap_4.o
    0x08009544   0x08009544   0x00000028   Code   RO         3066    i.prvIdleTask       tasks.o
    0x0800956c   0x0800956c   0x0000001e   Code   RO         2732    i.prvInitialiseMutex  queue.o
    0x0800958a   0x0800958a   0x0000002a   Code   RO         2733    i.prvInitialiseNewQueue  queue.o
    0x080095b4   0x080095b4   0x00000090   Code   RO         3067    i.prvInitialiseNewTask  tasks.o
    0x08009644   0x08009644   0x0000005c   Code   RO         3068    i.prvInitialiseTaskLists  tasks.o
    0x080096a0   0x080096a0   0x00000068   Code   RO         2541    i.prvInsertBlockIntoFreeList  heap_4.o
    0x08009708   0x08009708   0x0000001a   Code   RO         2734    i.prvIsQueueEmpty   queue.o
    0x08009722   0x08009722   0x0000001e   Code   RO         2735    i.prvIsQueueFull    queue.o
    0x08009740   0x08009740   0x0000004c   Code   RO         2736    i.prvNotifyQueueSetContainer  queue.o
    0x0800978c   0x0800978c   0x00000030   Code   RO         3069    i.prvResetNextTaskUnblockTime  tasks.o
    0x080097bc   0x080097bc   0x00000016   Code   RO         3363    i.prvTaskExitError  port.o
    0x080097d2   0x080097d2   0x00000090   Code   RO         2737    i.prvUnlockQueue    queue.o
    0x08009862   0x08009862   0x00000002   PAD
    0x08009864   0x08009864   0x000000fc   Code   RO         2542    i.pvPortMalloc      heap_4.o
    0x08009960   0x08009960   0x00000020   Code   RO         3071    i.pvTaskIncrementMutexHeldCount  tasks.o
    0x08009980   0x08009980   0x00000024   Code   RO         3364    i.pxPortInitialiseStack  port.o
    0x080099a4   0x080099a4   0x0000020c   Code   RO          163    i.task_dht11        task_dht11.o
    0x08009bb0   0x08009bb0   0x00000034   Code   RO          243    i.task_led          task_led.o
    0x08009be4   0x08009be4   0x000000e8   Code   RO          207    i.task_ui           task_ui.o
    0x08009ccc   0x08009ccc   0x00000174   Code   RO          223    i.task_wifi         task_wifi.o
    0x08009e40   0x08009e40   0x00000028   Code   RO         2693    i.uxListRemove      list.o
    0x08009e68   0x08009e68   0x00000012   Code   RO         2738    i.uxQueueMessagesWaiting  queue.o
    0x08009e7a   0x08009e7a   0x0000001a   Code   RO         2694    i.vListInitialise   list.o
    0x08009e94   0x08009e94   0x00000006   Code   RO         2695    i.vListInitialiseItem  list.o
    0x08009e9a   0x08009e9a   0x00000034   Code   RO         2696    i.vListInsert       list.o
    0x08009ece   0x08009ece   0x00000002   PAD
    0x08009ed0   0x08009ed0   0x00000024   Code   RO         3366    i.vPortEnterCritical  port.o
    0x08009ef4   0x08009ef4   0x00000020   Code   RO         3367    i.vPortExitCritical  port.o
    0x08009f14   0x08009f14   0x00000058   Code   RO         2543    i.vPortFree         heap_4.o
    0x08009f6c   0x08009f6c   0x00000018   Code   RO         3368    i.vPortSetupTimerInterrupt  port.o
    0x08009f84   0x08009f84   0x00000034   Code   RO         3076    i.vTaskDelay        tasks.o
    0x08009fb8   0x08009fb8   0x00000018   Code   RO         3079    i.vTaskInternalSetTimeOutState  tasks.o
    0x08009fd0   0x08009fd0   0x0000000c   Code   RO         3080    i.vTaskMissedYield  tasks.o
    0x08009fdc   0x08009fdc   0x00000020   Code   RO         3081    i.vTaskPlaceOnEventList  tasks.o
    0x08009ffc   0x08009ffc   0x000000d4   Code   RO         3083    i.vTaskPriorityDisinheritAfterTimeout  tasks.o
    0x0800a0d0   0x0800a0d0   0x0000006c   Code   RO         3087    i.vTaskStartScheduler  tasks.o
    0x0800a13c   0x0800a13c   0x00000010   Code   RO         3089    i.vTaskSuspendAll   tasks.o
    0x0800a14c   0x0800a14c   0x00000060   Code   RO         3090    i.vTaskSwitchContext  tasks.o
    0x0800a1ac   0x0800a1ac   0x00000034   Code   RO         3369    i.xPortStartScheduler  port.o
    0x0800a1e0   0x0800a1e0   0x00000022   Code   RO         2744    i.xQueueCreateMutex  queue.o
    0x0800a202   0x0800a202   0x0000004c   Code   RO         2746    i.xQueueGenericCreate  queue.o
    0x0800a24e   0x0800a24e   0x00000002   PAD
    0x0800a250   0x0800a250   0x000000a0   Code   RO         2747    i.xQueueGenericReset  queue.o
    0x0800a2f0   0x0800a2f0   0x00000148   Code   RO         2748    i.xQueueGenericSend  queue.o
    0x0800a438   0x0800a438   0x00000104   Code   RO         2755    i.xQueueReceive     queue.o
    0x0800a53c   0x0800a53c   0x00000130   Code   RO         2760    i.xQueueSemaphoreTake  queue.o
    0x0800a66c   0x0800a66c   0x00000060   Code   RO         3092    i.xTaskCheckForTimeOut  tasks.o
    0x0800a6cc   0x0800a6cc   0x00000060   Code   RO         3093    i.xTaskCreate       tasks.o
    0x0800a72c   0x0800a72c   0x0000000c   Code   RO         3099    i.xTaskGetCurrentTaskHandle  tasks.o
    0x0800a738   0x0800a738   0x0000000c   Code   RO         3100    i.xTaskGetTickCount  tasks.o
    0x0800a744   0x0800a744   0x00000190   Code   RO         3102    i.xTaskIncrementTick  tasks.o
    0x0800a8d4   0x0800a8d4   0x000000ac   Code   RO         3103    i.xTaskPriorityDisinherit  tasks.o
    0x0800a980   0x0800a980   0x000000ec   Code   RO         3104    i.xTaskPriorityInherit  tasks.o
    0x0800aa6c   0x0800aa6c   0x00000108   Code   RO         3105    i.xTaskRemoveFromEventList  tasks.o
    0x0800ab74   0x0800ab74   0x0000015c   Code   RO         3106    i.xTaskResumeAll    tasks.o
    0x0800acd0   0x0800acd0   0x00000034   Data   RO         3474    .constdata          guidrv_template.o
    0x0800ad04   0x0800ad04   0x00000008   Data   RO         3816    .constdata          STemWin522_CM3_OS_Keil.lib(gui_core.o)
    0x0800ad0c   0x0800ad0c   0x00000008   Data   RO         3844    .constdata          STemWin522_CM3_OS_Keil.lib(gui_device.o)
    0x0800ad14   0x0800ad14   0x00000018   Data   RO         3864    .constdata          STemWin522_CM3_OS_Keil.lib(guicc_1.o)
    0x0800ad2c   0x0800ad2c   0x00000518   Data   RO         3996    .constdata          STemWin522_CM3_OS_Keil.lib(f6x8.o)
    0x0800b244   0x0800b244   0x000001c0   Data   RO         3997    .constdata          STemWin522_CM3_OS_Keil.lib(f6x8.o)
    0x0800b404   0x0800b404   0x00000008   Data   RO         3998    .constdata          STemWin522_CM3_OS_Keil.lib(f6x8.o)
    0x0800b40c   0x0800b40c   0x00000014   Data   RO         3999    .constdata          STemWin522_CM3_OS_Keil.lib(f6x8.o)
    0x0800b420   0x0800b420   0x00000024   Data   RO         4000    .constdata          STemWin522_CM3_OS_Keil.lib(f6x8.o)
    0x0800b444   0x0800b444   0x00000010   Data   RO         4062    .constdata          STemWin522_CM3_OS_Keil.lib(gui_uc_encodenone.o)
    0x0800b454   0x0800b454   0x0000000c   Data   RO         4086    .constdata          STemWin522_CM3_OS_Keil.lib(lcd.o)
    0x0800b460   0x0800b460   0x00000018   Data   RO         4355    .constdata          STemWin522_CM3_OS_Keil.lib(guicc_0.o)
    0x0800b478   0x0800b478   0x00000018   Data   RO         4676    .constdata          STemWin522_CM3_OS_Keil.lib(guicc_8888.o)
    0x0800b490   0x0800b490   0x00000074   Data   RO         4700    .constdata          STemWin522_CM3_OS_Keil.lib(guidev_32.o)
    0x0800b504   0x0800b504   0x00000018   Data   RO         4748    .constdata          STemWin522_CM3_OS_Keil.lib(guidev_usagebm.o)
    0x0800b51c   0x0800b51c   0x00000008   Data   RO         4763    .constdata          STemWin522_CM3_OS_Keil.lib(guidev_writetoactiveopaque.o)
    0x0800b524   0x0800b524   0x00000100   Data   RO         4927    .constdata          STemWin522_CM3_OS_Keil.lib(lcd_mirror.o)
    0x0800b624   0x0800b624   0x00000092   Data   RO          476    .conststring        esp8266.o
    0x0800b6b6   0x0800b6b6   0x00000002   PAD
    0x0800b6b8   0x0800b6b8   0x0000007d   Data   RO          541    .conststring        onenet.o
    0x0800b735   0x0800b735   0x00000003   PAD
    0x0800b738   0x0800b738   0x00000020   Data   RO         5302    Region$$Table       anon$$obj.o


    Execution Region RW_IRAM1 (Exec base: 0x20000000, Load base: 0x0800b758, Size: 0x00004dc8, Max: 0x0000c000, ABSOLUTE, COMPRESSED[0x00000090])

    Exec Addr    Load Addr    Size         Type   Attr      Idx    E Section Name        Object

    0x20000000   COMPRESSED   0x00000010   Data   RW          165    .data               task_dht11.o
    0x20000010   COMPRESSED   0x00000004   Data   RW          361    .data               debug.o
    0x20000014   COMPRESSED   0x0000009c   Data   RW          477    .data               esp8266.o
    0x200000b0   COMPRESSED   0x00000014   Data   RW         1490    .data               stm32f10x_rcc.o
    0x200000c4   COMPRESSED   0x00000020   Data   RW         2549    .data               heap_4.o
    0x200000e4   COMPRESSED   0x0000003c   Data   RW         3109    .data               tasks.o
    0x20000120   COMPRESSED   0x00000004   Data   RW         3370    .data               port.o
    0x20000124   COMPRESSED   0x00000008   Data   RW         3652    .data               gui_x_freertos.o
    0x2000012c   COMPRESSED   0x00000008   Data   RW         3760    .data               STemWin522_CM3_OS_Keil.lib(gui_alloc.o)
    0x20000134   COMPRESSED   0x0000002c   Data   RW         3817    .data               STemWin522_CM3_OS_Keil.lib(gui_core.o)
    0x20000160   COMPRESSED   0x00000004   Data   RW         3818    .data               STemWin522_CM3_OS_Keil.lib(gui_core.o)
    0x20000164   COMPRESSED   0x00000004   Data   RW         3819    .data               STemWin522_CM3_OS_Keil.lib(gui_core.o)
    0x20000168   COMPRESSED   0x00000004   Data   RW         3820    .data               STemWin522_CM3_OS_Keil.lib(gui_core.o)
    0x2000016c   COMPRESSED   0x00000004   Data   RW         3821    .data               STemWin522_CM3_OS_Keil.lib(gui_core.o)
    0x20000170   COMPRESSED   0x00000002   Data   RW         3822    .data               STemWin522_CM3_OS_Keil.lib(gui_core.o)
    0x20000172   COMPRESSED   0x00000002   Data   RW         3823    .data               STemWin522_CM3_OS_Keil.lib(gui_core.o)
    0x20000174   COMPRESSED   0x0000001c   Data   RW         4049    .data               STemWin522_CM3_OS_Keil.lib(gui_task.o)
    0x20000190   COMPRESSED   0x00000004   Data   RW         4087    .data               STemWin522_CM3_OS_Keil.lib(lcd.o)
    0x20000194   COMPRESSED   0x00000010   Data   RW         4113    .data               STemWin522_CM3_OS_Keil.lib(lcd_color.o)
    0x200001a4   COMPRESSED   0x00000058   Data   RW         4177    .data               STemWin522_CM3_OS_Keil.lib(wm.o)
    0x200001fc   COMPRESSED   0x00000008   Data   RW         4242    .data               STemWin522_CM3_OS_Keil.lib(gui__managecache.o)
    0x20000204   COMPRESSED   0x00000004   Data   RW         4265    .data               STemWin522_CM3_OS_Keil.lib(gui_charline.o)
    0x20000208   COMPRESSED   0x0000000c   Data   RW         4286    .data               STemWin522_CM3_OS_Keil.lib(gui_onkey.o)
    0x20000214   COMPRESSED   0x0000000c   Data   RW         4343    .data               STemWin522_CM3_OS_Keil.lib(gui_waitevent.o)
    0x20000220   COMPRESSED   0x00000004   Data   RW         4392    .data               STemWin522_CM3_OS_Keil.lib(guidev_banding.o)
    0x20000224   COMPRESSED   0x00000001   Data   RW         4406    .data               STemWin522_CM3_OS_Keil.lib(guidev_staticdevices.o)
    0x20000225   COMPRESSED   0x00000003   PAD
    0x20000228   COMPRESSED   0x00000004   Data   RW         4418    .data               STemWin522_CM3_OS_Keil.lib(wm__sendmessage.o)
    0x2000022c   COMPRESSED   0x00000028   Data   RW         4478    .data               STemWin522_CM3_OS_Keil.lib(gui__alpha.o)
    0x20000254   COMPRESSED   0x00000020   Data   RW         4591    .data               STemWin522_CM3_OS_Keil.lib(gui_setalpha.o)
    0x20000274   COMPRESSED   0x00000014   Data   RW         4653    .data               STemWin522_CM3_OS_Keil.lib(gui_timer.o)
    0x20000288   COMPRESSED   0x00000004   Data   RW         4921    .data               STemWin522_CM3_OS_Keil.lib(lcd_aa.o)
    0x2000028c   COMPRESSED   0x00000004   PAD
    0x20000290        -       0x00000020   Zero   RW          164    .bss                task_dht11.o
    0x200002b0        -       0x00000032   Zero   RW          208    .bss                task_ui.o
    0x200002e2   COMPRESSED   0x00000002   PAD
    0x200002e4        -       0x0000042c   Zero   RW          224    .bss                task_wifi.o
    0x20000710        -       0x0000000c   Zero   RW          244    .bss                task_led.o
    0x2000071c        -       0x00000400   Zero   RW          267    .bss                oled.o
    0x20000b1c        -       0x00003800   Zero   RW         2548    .bss                heap_4.o
    0x2000431c        -       0x000000b4   Zero   RW         3108    .bss                tasks.o
    0x200043d0        -       0x00000400   Zero   RW         3433    .bss                guiconf.o
    0x200047d0        -       0x000000c8   Zero   RW         3759    .bss                STemWin522_CM3_OS_Keil.lib(gui_alloc.o)
    0x20004898        -       0x00000078   Zero   RW         3815    .bss                STemWin522_CM3_OS_Keil.lib(gui_core.o)
    0x20004910        -       0x00000018   Zero   RW         4176    .bss                STemWin522_CM3_OS_Keil.lib(wm.o)
    0x20004928        -       0x00000058   Zero   RW         4285    .bss                STemWin522_CM3_OS_Keil.lib(gui_onkey.o)
    0x20004980        -       0x00000048   Zero   RW         4459    .bss                STemWin522_CM3_OS_Keil.lib(wm_touch.o)
    0x200049c8        -       0x00000400   Zero   RW         2533    STACK               startup_stm32f10x_hd.o


==============================================================================

Image component sizes


      Code (inc. data)   RO Data    RW Data    ZI Data      Debug   Object Name

         0          0          0          0          0         32   core_cm3.o
       168         12          0          4          0       2887   debug.o
       120         12          0          0          0       2979   delay.o
       706         54          0          0          0       5234   dht11.o
      1800        552        146        156          0       8134   esp8266.o
         0          0          0          0          0      12052   event_groups.o
       144         20          0          8          0       3949   gui_x_freertos.o
        28          8          0          0       1024        503   guiconf.o
      2218         82         52          0          0      65791   guidrv_template.o
       568         72          0         32      14336       4923   heap_4.o
        70          8          0          0          0       1257   lcdconf_flexcolor_template.o
       180          0          0          0          0       2478   led.o
       124          0          0          0          0       2561   list.o
       212         70          0          0          0     262975   main.o
        20         10          0          0          0        487   misc.o
       826         50          0          0       1024       7648   oled.o
       284         78        125          0          0       1923   onenet.o
       404         48          0          4          0       9064   port.o
      1716         18          0          0          0      15450   queue.o
        28          4        304          0       1024        796   startup_stm32f10x_hd.o
       304          0          0          0          0       3528   stm32f10x_gpio.o
        48         22          0          0          0       2641   stm32f10x_it.o
       308         38          0         20          0       4850   stm32f10x_rcc.o
       188         42          0          0          0       1661   stm32f10x_tim.o
       460          6          0          0          0       6487   stm32f10x_usart.o
       524        214          0         16         32       5993   task_dht11.o
        52          8          0          0         12        611   task_led.o
       232         38          0          0         50       1556   task_ui.o
       424        136          0          0       1068       2092   task_wifi.o
      2966        342          0         60        180      32150   tasks.o

    ----------------------------------------------------------------------
     15158       1944        664        300      18752     472692   Object Totals
         0          0         32          0          0          0   (incl. Generated)
        36          0          5          0          2          0   (incl. Padding)

    ----------------------------------------------------------------------

      Code (inc. data)   RO Data    RW Data    ZI Data      Debug   Library Member Name

         0          0       1816          0          0          0   f6x8.o
       824         34          0         40          0        508   gui__alpha.o
       668          0          0          0          0        160   gui__compactpixelindices.o
       320          0          0          0          0        108   gui__expandpixelindices.o
        58          0          0          0          0         68   gui__intersectrect.o
        82          0          0          0          0         80   gui__intersectrects.o
       188          8          0          8          0        152   gui__managecache.o
        76          0          0          0          0         76   gui__memset.o
      1806        112          0          8        200       1844   gui_alloc.o
        46          0          0          0          0         80   gui_alloc_alloczero.o
        68          0          0          0          0         76   gui_calccolordist.o
       164         20          0          0          0        308   gui_char.o
       458         36          0          4          0        472   gui_charline.o
       394         10          0          0          0        300   gui_charm.o
       476         78          8         64        120        620   gui_core.o
       426         32          8          0          0        676   gui_device.o
       264          4          0          0          0         88   gui_dispstring.o
        40          6          0          0          0         88   gui_dispstringat.o
        52          4          0          0          0        152   gui_exec.o
        54         10          0          0          0        156   gui_getorg.o
        66         12          0          0          0        216   gui_goto.o
        88          0          0          0          0         76   gui_mergerect.o
        30          0          0          0          0         68   gui_moverect.o
       102         12          0         12         88        284   gui_onkey.o
        28          4          0          0          0         80   gui_pen.o
        56          0          0          0          0         68   gui_rectsintersect.o
        32         10          0          0          0        136   gui_savecontext.o
        48         10          0          0          0         80   gui_selectlayer.o
        26          0          0          0          0         80   gui_selectlcd.o
        36          4          0         32          0         76   gui_setalpha.o
        44          0          0          0          0        160   gui_setcolor.o
        64          6          0          0          0         80   gui_setdefault.o
        24          0          0          0          0         76   gui_setdrawmode.o
        32          6          0          0          0         80   gui_setfont.o
        28          4          0          0          0         80   gui_setlinestyle.o
        64         16          0          0          0         88   gui_setorg.o
        32          6          0          0          0         80   gui_settextalign.o
        32          6          0          0          0         80   gui_settextmode.o
       308         36          0         28          0        392   gui_task.o
       104          6          0          0          0         84   gui_time.o
       354         16          0         20          0        484   gui_timer.o
        84         10          0          0          0        168   gui_uc.o
        18          0         16          0          0        272   gui_uc_encodenone.o
        16          4          0         12          0         68   gui_waitevent.o
       198          0         24          0          0        244   guicc_0.o
        42          0         24          0          0        204   guicc_1.o
        36          0         24          0          0        288   guicc_8888.o
         2          0          0          0          0         68   guicc_8888_index2color.o
         2          0          0          0          0         68   guicc_888_index2color.o
       806         38          0          0          0        676   guidev.o
      2320         62        116          0          0       1428   guidev_32.o
       300         10          0          4          0        164   guidev_banding.o
        68          4          0          0          0         76   guidev_clear.o
        34          0          0          0          0         80   guidev_getdataptr.o
        52          6          0          0          0         80   guidev_getysize.o
        56          4          0          0          0         80   guidev_reduceysize.o
       100          4          0          0          0         80   guidev_setorg.o
       308         12          0          1          0        176   guidev_staticdevices.o
        84          0          0          0          0        164   guidev_usage.o
       460          4         24          0          0        460   guidev_usagebm.o
       116          4          0          0          0        148   guidev_write.o
       280         14          0          0          0         96   guidev_writetoactivealpha.o
      1698         18          8          0          0        384   guidev_writetoactiveopaque.o
      1650        110         12          4          0       1340   lcd.o
        16          6          0          4          0         68   lcd_aa.o
       260         26          0         16          0        388   lcd_color.o
       372         32          0          0          0       1204   lcd_getex.o
        26          0          0          0          0         80   lcd_getnumdisplays.o
         0          0        256          0          0          0   lcd_mirror.o
       504         18          0          0          0        180   lcd_readrect.o
        68         10          0          0          0         80   lcd_selectlcd.o
       132          0          0          0          0        252   lcd_set.o
        48         10          0          0          0         80   lcd_setcliprectex.o
        36          4          0          0          0         80   lcd_updatecolorindices.o
      4656        222          0         88         24       4128   wm.o
        18          0          0          0          0         76   wm__getfirstsibling.o
        36          0          0          0          0         80   wm__getprevsibling.o
        60          6          0          4          0         88   wm__sendmessage.o
        38          0          0          0          0         80   wm__sendmessagenopara.o
       220          0          0          0          0         96   wm__updatechildpositions.o
       136          0          0          0          0         92   wm_bringtobottom.o
        16          6          0          0          0         68   wm_criticalhandle.o
        32          0          0          0          0         80   wm_getclientrect.o
        24         10          0          0          0         68   wm_getdesktopwindow.o
        26          0          0          0          0         76   wm_getfirstchild.o
        26          0          0          0          0         76   wm_getparent.o
       292          0          0          0          0        272   wm_move.o
        16          0          0          0          0         76   wm_notifyparent.o
        64          8          0          0          0         88   wm_onkey.o
       246          0          0          0          0         88   wm_resizewindow.o
        26          0          0          0          0         88   wm_sendmessagenopara.o
        38          0          0          0          0         92   wm_sendtoparent.o
        72          0          0          0          0         84   wm_setsize.o
       124          0          0          0          0        164   wm_timer.o
         0          0          0          0         72          0   wm_touch.o
        86          0          0          0          0          0   __dczerorl2.o
         0          0          0          0          0          0   entry.o
         0          0          0          0          0          0   entry10a.o
         0          0          0          0          0          0   entry11a.o
         4          0          0          0          0          0   entry12b.o
         8          4          0          0          0          0   entry2.o
         4          0          0          0          0          0   entry5.o
         0          0          0          0          0          0   entry7b.o
         0          0          0          0          0          0   entry8b.o
         8          4          0          0          0          0   entry9a.o
        30          0          0          0          0          0   handlers.o
        36          8          0          0          0         68   init.o
         0          0          0          0          0          0   iusefp.o
        30          0          0          0          0         68   llshl.o
        36          0          0          0          0         68   llsshr.o
        32          0          0          0          0         68   llushr.o
        64          0          0          0          0         76   memmovea.o
        36          0          0          0          0        108   memseta.o
      2268         96          0          0          0        616   printfa.o
        14          0          0          0          0         68   strlen.o
        36          0          0          0          0         80   strstr.o
        44          0          0          0          0         80   uidiv.o
        98          0          0          0          0         92   uldiv.o
        48          0          0          0          0         68   cdrcmple.o
        56          0          0          0          0         88   d2f.o
       334          0          0          0          0        148   dadd.o
       222          0          0          0          0        100   ddiv.o
       186          0          0          0          0        176   depilogue.o
        48          0          0          0          0         68   dfixul.o
        26          0          0          0          0         76   dfltui.o
       228          0          0          0          0         96   dmul.o
        38          0          0          0          0         68   f2d.o
       176          0          0          0          0        140   fadd.o
       110          0          0          0          0        168   fepilogue.o

    ----------------------------------------------------------------------
     28778       1282       2336        352        508      26632   Library Totals
        52          0          0          3          4          0   (incl. Padding)

    ----------------------------------------------------------------------

      Code (inc. data)   RO Data    RW Data    ZI Data      Debug   Library Name

     24420       1170       2336        349        504      24044   STemWin522_CM3_OS_Keil.lib
      2834        112          0          0          0       1392   mc_w.l
      1472          0          0          0          0       1196   mf_w.l

    ----------------------------------------------------------------------
     28778       1282       2336        352        508      26632   Library Totals

    ----------------------------------------------------------------------

==============================================================================


      Code (inc. data)   RO Data    RW Data    ZI Data      Debug   

     43936       3226       3000        652      19260     474284   Grand Totals
     43936       3226       3000        144      19260     474284   ELF Image Totals (compressed)
     43936       3226       3000        144          0          0   ROM Totals

==============================================================================

    Total RO  Size (Code + RO Data)                46936 (  45.84kB)
    Total RW  Size (RW Data + ZI Data)             19912 (  19.45kB)
    Total ROM Size (Code + RO Data + RW Data)      47080 (  45.98kB)

==============================================================================

